<html>
<body>
<pre>
<h1>µVision Build Log</h1>
<h2>Tool Versions:</h2>
IDE-Version: µVision V5.22.0.0
Copyright (C) 2016 ARM Ltd and ARM Germany GmbH. All rights reserved.
License Information: cole blair, utd, LIC=485D0-VKVS4-R8L9G-DLCJR-GT95F-MZ3I9
 
Tool Versions:
Toolchain:       MDK-ARM Standard Cortex-M only  Version: 5.22
Toolchain Path:  C:\Keil_v5\ARM\ARMCC\Bin
C Compiler:      Armcc.exe V5.06 update 4 (build 422)
Assembler:       Armasm.exe V5.06 update 4 (build 422)
Linker/Locator:  ArmLink.exe V5.06 update 4 (build 422)
Library Manager: ArmAr.exe V5.06 update 4 (build 422)
Hex Converter:   FromElf.exe V5.06 update 4 (build 422)
CPU DLL:         
Dialog DLL:      
Target DLL:      Segger\JL2CM3.dll V2.99.23.0
Dialog DLL:      TCM.DLL V1.21.0.0
 
<h2>Project:</h2>
C:\Users\neuronifier\Desktop\Cole\Nordic Tools\nRF5_SDK_11.0.0_89a8197\examples\ble_peripheral\seniorDesign17\pca10040\s132\arm5_no_packs\nrf52-ble-tutorial-characteristic.uvprojx
Project File Date:  09/18/2017

<h2>Output:</h2>
*** Using Compiler 'V5.06 update 4 (build 422)', folder: 'C:\Keil_v5\ARM\ARMCC\Bin'
Build target 'nrf52832_xxaa_s132'
compiling bsp.c...
compiling ble_advertising.c...
compiling bsp_btn_ble.c...
compiling ble_advdata.c...
compiling our_service.c...
compiling ble_conn_params.c...
compiling main.c...
..\..\..\main.c(369): warning:  #223-D: function "bsp_btn_ble_sleep_mode_prepare" declared implicitly
      err_code = bsp_btn_ble_sleep_mode_prepare();
..\..\..\main.c(441): warning:  #223-D: function "bsp_btn_ble_on_ble_evt" declared implicitly
      bsp_btn_ble_on_ble_evt(p_ble_evt);
..\..\..\main.c(633): warning:  #223-D: function "bsp_btn_ble_init" declared implicitly
      err_code = bsp_btn_ble_init(NULL, &startup_event);
..\..\..\main.c(740): warning:  #167-D: argument of type "void (*)()" is incompatible with parameter of type "nrf_drv_gpiote_evt_handler_t"
  	err_code = nrf_drv_gpiote_in_init(boschIntEval, &interrupt, int_fxn);
..\..\..\main.c(114): warning:  #177-D: variable "ADXLdataBuffer"  was declared but never referenced
  static uint8_t ADXLdataBuffer[196] = {0};
..\..\..\main.c(115): warning:  #177-D: variable "ADXLdataBuffer2"  was declared but never referenced
  static uint8_t ADXLdataBuffer2[196] = {0};
..\..\..\main.c(131): warning:  #177-D: variable "data_dump_id"  was declared but never referenced
  APP_TIMER_DEF(data_dump_id);
..\..\..\main.c(624): warning:  #177-D: function "buttons_leds_init"  was declared but never referenced
  static void buttons_leds_init(bool * p_erase_bonds)
..\..\..\main.c: 8 warnings, 0 errors
compiling ble_srv_common.c...
compiling nrf_delay.c...
compiling app_uart.c...
compiling nrf_drv_common.c...
compiling nrf_drv_gpiote.c...
compiling nrf_drv_uart.c...
compiling pstorage.c...
compiling device_manager_peripheral.c...
compiling nrf_drv_twi.c...
compiling app_trace.c...
compiling app_button.c...
compiling app_error.c...
compiling app_error_weak.c...
compiling sensorsim.c...
compiling nrf_assert.c...
compiling app_timer.c...
compiling fstorage.c...
compiling retarget.c...
compiling app_util_platform.c...
compiling SEGGER_RTT.c...
compiling SEGGER_RTT_printf.c...
assembling arm_startup_nrf52.s...
compiling softdevice_handler.c...
compiling msgs.c...
compiling system_nrf52.c...
linking...
Program Size: Code=29972 RO-data=1476 RW-data=428 ZI-data=11596  
FromELF: creating hex file...
".\_build\nrf52832_xxaa_s132.axf" - 0 Error(s), 8 Warning(s).

<h2>Software Packages used:</h2>

Package Vendor: ARM
                http://www.keil.com/pack/ARM.CMSIS.4.5.0.pack
                ARM::CMSIS:CORE:4.3.0
                CMSIS (Cortex Microcontroller Software Interface Standard)
   * Component: CORE Version: 4.3.0

Package Vendor: NordicSemiconductor
                http://developer.nordicsemi.com/nRF5_SDK/pieces/nRF_DeviceFamilyPack/NordicSemiconductor.nRF_DeviceFamilyPack.8.5.0.pack
                NordicSemiconductor::Device:Startup:8.5.0
                Nordic Semiconductor nRF ARM devices Device Family Pack.
   * Component: Startup Version: 8.5.0

<h2>Collection of Component include folders:</h2>
  C:\Users\neuronifier\Desktop\Cole\Nordic Tools\nRF5_SDK_11.0.0_89a8197\examples\ble_peripheral\seniorDesign17\pca10040\s132\arm5_no_packs\RTE\_nrf52832_xxaa_s132
  C:\Keil_v5\ARM\PACK\ARM\CMSIS\4.5.0\CMSIS\Include
  C:\Keil_v5\ARM\PACK\NordicSemiconductor\nRF_DeviceFamilyPack\8.11.1\Device\Include
  C:\Keil_v5\ARM\PACK\NordicSemiconductor\nRF_DeviceFamilyPack\8.5.0\Device\Include

<h2>Collection of Component Files used:</h2>

   * Component: ARM::CMSIS:CORE:4.3.0

   * Component: NordicSemiconductor::Device:Startup:8.5.0
      Source file:   Device\Source\arm\arm_startup_nrf52.s
      Include file:  Device\Include\system_nrf52.h
      Source file:   Device\Source\system_nrf52.c
Build Time Elapsed:  00:00:11
</pre>
</body>
</html>
