Component: ARM Compiler 5.06 update 4 (build 422) Tool: armlink [4d35d2]

==============================================================================

Section Cross References

    main.o(i.advertising_init) refers to memseta.o(.text) for __aeabi_memclr4
    main.o(i.advertising_init) refers to ble_advertising.o(i.ble_advertising_init) for ble_advertising_init
    main.o(i.advertising_init) refers to app_error.o(i.app_error_handler) for app_error_handler
    main.o(i.advertising_init) refers to main.o(.data) for m_adv_uuids
    main.o(i.advertising_init) refers to main.o(i.on_adv_evt) for on_adv_evt
    main.o(i.application_timers_start) refers to app_timer.o(i.app_timer_start) for app_timer_start
    main.o(i.application_timers_start) refers to main.o(.constdata) for m_our_char_timer_id
    main.o(i.assert_nrf_callback) refers to app_error.o(i.app_error_handler) for app_error_handler
    main.o(i.ble_evt_dispatch) refers to device_manager_peripheral.o(i.dm_ble_evt_handler) for dm_ble_evt_handler
    main.o(i.ble_evt_dispatch) refers to ble_conn_params.o(i.ble_conn_params_on_ble_evt) for ble_conn_params_on_ble_evt
    main.o(i.ble_evt_dispatch) refers to main.o(i.on_ble_evt) for on_ble_evt
    main.o(i.ble_evt_dispatch) refers to ble_advertising.o(i.ble_advertising_on_ble_evt) for ble_advertising_on_ble_evt
    main.o(i.ble_evt_dispatch) refers to our_service.o(i.ble_our_service_on_ble_evt) for ble_our_service_on_ble_evt
    main.o(i.ble_evt_dispatch) refers to main.o(.bss) for m_our_service
    main.o(i.ble_stack_init) refers to softdevice_handler.o(i.softdevice_handler_init) for softdevice_handler_init
    main.o(i.ble_stack_init) refers to app_error.o(i.app_error_handler) for app_error_handler
    main.o(i.ble_stack_init) refers to softdevice_handler.o(i.softdevice_enable_get_default_config) for softdevice_enable_get_default_config
    main.o(i.ble_stack_init) refers to softdevice_handler.o(i.sd_check_ram_start) for sd_check_ram_start
    main.o(i.ble_stack_init) refers to softdevice_handler.o(i.softdevice_enable) for softdevice_enable
    main.o(i.ble_stack_init) refers to softdevice_handler.o(i.softdevice_ble_evt_handler_set) for softdevice_ble_evt_handler_set
    main.o(i.ble_stack_init) refers to softdevice_handler.o(i.softdevice_sys_evt_handler_set) for softdevice_sys_evt_handler_set
    main.o(i.ble_stack_init) refers to main.o(.constdata) for .constdata
    main.o(i.ble_stack_init) refers to main.o(.bss) for BLE_EVT_BUFFER
    main.o(i.ble_stack_init) refers to main.o(i.ble_evt_dispatch) for ble_evt_dispatch
    main.o(i.ble_stack_init) refers to main.o(i.sys_evt_dispatch) for sys_evt_dispatch
    main.o(i.bsp_event_handler) refers to main.o(i.sleep_mode_enter) for sleep_mode_enter
    main.o(i.bsp_event_handler) refers to app_error.o(i.app_error_handler) for app_error_handler
    main.o(i.bsp_event_handler) refers to ble_advertising.o(i.ble_advertising_restart_without_whitelist) for ble_advertising_restart_without_whitelist
    main.o(i.bsp_event_handler) refers to main.o(.data) for m_conn_handle
    main.o(i.buttons_leds_init) refers to app_error.o(i.app_error_handler) for app_error_handler
    main.o(i.conn_params_error_handler) refers to app_error.o(i.app_error_handler) for app_error_handler
    main.o(i.conn_params_init) refers to memseta.o(.text) for __aeabi_memclr4
    main.o(i.conn_params_init) refers to ble_conn_params.o(i.ble_conn_params_init) for ble_conn_params_init
    main.o(i.conn_params_init) refers to app_error.o(i.app_error_handler) for app_error_handler
    main.o(i.conn_params_init) refers to main.o(i.on_conn_params_evt) for on_conn_params_evt
    main.o(i.conn_params_init) refers to main.o(i.conn_params_error_handler) for conn_params_error_handler
    main.o(i.device_manager_evt_handler) refers to app_error.o(i.app_error_handler) for app_error_handler
    main.o(i.device_manager_init) refers to pstorage.o(i.pstorage_init) for pstorage_init
    main.o(i.device_manager_init) refers to app_error.o(i.app_error_handler) for app_error_handler
    main.o(i.device_manager_init) refers to device_manager_peripheral.o(i.dm_init) for dm_init
    main.o(i.device_manager_init) refers to device_manager_peripheral.o(i.dm_register) for dm_register
    main.o(i.device_manager_init) refers to main.o(i.device_manager_evt_handler) for device_manager_evt_handler
    main.o(i.device_manager_init) refers to main.o(.data) for m_app_handle
    main.o(i.gap_params_init) refers to app_error.o(i.app_error_handler) for app_error_handler
    main.o(i.initializePin) refers to nrf_drv_gpiote.o(i.nrf_drv_gpiote_out_init) for nrf_drv_gpiote_out_init
    main.o(i.initializePin) refers to segger_rtt_printf.o(i.SEGGER_RTT_printf) for SEGGER_RTT_printf
    main.o(i.initializePin) refers to nrf_drv_gpiote.o(i.nrf_drv_gpiote_out_set) for nrf_drv_gpiote_out_set
    main.o(i.initializePin) refers to nrf_drv_gpiote.o(i.nrf_drv_gpiote_out_clear) for nrf_drv_gpiote_out_clear
[...]
    pin_in_use_clear                         0x0002199d   Thumb Code     8  nrf_drv_gpiote.o(i.pin_in_use_clear)
    i.power_manage                           0x000219a8   Section        0  main.o(i.power_manage)
    power_manage                             0x000219a9   Thumb Code    32  main.o(i.power_manage)
    i.pstorage_access_status_get             0x000219d8   Section        0  pstorage.o(i.pstorage_access_status_get)
    i.pstorage_block_identifier_get          0x00021a04   Section        0  pstorage.o(i.pstorage_block_identifier_get)
    i.pstorage_clear                         0x00021aa8   Section        0  pstorage.o(i.pstorage_clear)
    i.pstorage_flash_page_end                0x00021bc8   Section        0  pstorage.o(i.pstorage_flash_page_end)
    pstorage_flash_page_end                  0x00021bc9   Thumb Code    30  pstorage.o(i.pstorage_flash_page_end)
    i.pstorage_flash_page_size               0x00021be6   Section        0  pstorage.o(i.pstorage_flash_page_size)
    pstorage_flash_page_size                 0x00021be7   Thumb Code    10  pstorage.o(i.pstorage_flash_page_size)
    i.pstorage_init                          0x00021bf0   Section        0  pstorage.o(i.pstorage_init)
    i.pstorage_load                          0x00021c80   Section        0  pstorage.o(i.pstorage_load)
    i.pstorage_register                      0x00021d74   Section        0  pstorage.o(i.pstorage_register)
    i.pstorage_store                         0x00021e84   Section        0  pstorage.o(i.pstorage_store)
    i.pstorage_sys_event_handler             0x00021f60   Section        0  pstorage.o(i.pstorage_sys_event_handler)
    i.pstorage_update                        0x00021fa8   Section        0  pstorage.o(i.pstorage_update)
    i.readGyro                               0x00022084   Section        0  main.o(i.readGyro)
    i.rtc1_compare0_set                      0x000220ec   Section        0  app_timer.o(i.rtc1_compare0_set)
    rtc1_compare0_set                        0x000220ed   Thumb Code     6  app_timer.o(i.rtc1_compare0_set)
    i.rtc1_counter_get                       0x000220f8   Section        0  app_timer.o(i.rtc1_counter_get)
    rtc1_counter_get                         0x000220f9   Thumb Code     6  app_timer.o(i.rtc1_counter_get)
    i.rtc1_init                              0x00022104   Section        0  app_timer.o(i.rtc1_init)
    rtc1_init                                0x00022105   Thumb Code    18  app_timer.o(i.rtc1_init)
    i.rtc1_start                             0x0002211c   Section        0  app_timer.o(i.rtc1_start)
    rtc1_start                               0x0002211d   Thumb Code    48  app_timer.o(i.rtc1_start)
    i.rtc1_stop                              0x00022158   Section        0  app_timer.o(i.rtc1_stop)
    rtc1_stop                                0x00022159   Thumb Code    68  app_timer.o(i.rtc1_stop)
    i.rx_byte                                0x000221b0   Section        0  nrf_drv_uart.o(i.rx_byte)
    rx_byte                                  0x000221b1   Thumb Code    68  nrf_drv_uart.o(i.rx_byte)
    i.rx_done_event                          0x00022200   Section        0  nrf_drv_uart.o(i.rx_done_event)
    rx_done_event                            0x00022201   Thumb Code    30  nrf_drv_uart.o(i.rx_done_event)
    i.sd_check_ram_start                     0x00022224   Section        0  softdevice_handler.o(i.sd_check_ram_start)
    i.sd_nvic_EnableIRQ                      0x00022240   Section        0  softdevice_handler.o(i.sd_nvic_EnableIRQ)
    sd_nvic_EnableIRQ                        0x00022241   Thumb Code   190  softdevice_handler.o(i.sd_nvic_EnableIRQ)
    i.sec_mgr_oob_flags_encode               0x00022310   Section        0  ble_advdata.o(i.sec_mgr_oob_flags_encode)
    sec_mgr_oob_flags_encode                 0x00022311   Thumb Code    54  ble_advdata.o(i.sec_mgr_oob_flags_encode)
    i.service_data_encode                    0x00022346   Section        0  ble_advdata.o(i.service_data_encode)
    service_data_encode                      0x00022347   Thumb Code   150  ble_advdata.o(i.service_data_encode)
    i.services_init                          0x000223dc   Section        0  main.o(i.services_init)
    services_init                            0x000223dd   Thumb Code    10  main.o(i.services_init)
    i.sm_state_change                        0x000223ec   Section        0  pstorage.o(i.sm_state_change)
    sm_state_change                          0x000223ed   Thumb Code    14  pstorage.o(i.sm_state_change)
    i.softdevice_ble_evt_handler_set         0x00022400   Section        0  softdevice_handler.o(i.softdevice_ble_evt_handler_set)
    i.softdevice_enable                      0x00022418   Section        0  softdevice_handler.o(i.softdevice_enable)
    i.softdevice_enable_get_default_config   0x00022434   Section        0  softdevice_handler.o(i.softdevice_enable_get_default_config)
    i.softdevice_fault_handler               0x00022460   Section        0  softdevice_handler.o(i.softdevice_fault_handler)
    i.softdevice_handler_init                0x00022474   Section        0  softdevice_handler.o(i.softdevice_handler_init)
    i.softdevice_sys_evt_handler_set         0x000224d8   Section        0  softdevice_handler.o(i.softdevice_sys_evt_handler_set)
    i.spiInit                                0x000224f0   Section        0  main.o(i.spiInit)
    i.spi_event_handler                      0x00022560   Section        0  main.o(i.spi_event_handler)
    i.spi_xfer                               0x0002256c   Section        0  nrf_drv_spi.o(i.spi_xfer)
    spi_xfer                                 0x0002256d   Thumb Code   158  nrf_drv_spi.o(i.spi_xfer)
    i.srdata_check                           0x0002260a   Section        0  ble_advdata.o(i.srdata_check)
    srdata_check                             0x0002260b   Thumb Code    14  ble_advdata.o(i.srdata_check)
    i.startUartXfer                          0x00022618   Section        0  our_service.o(i.startUartXfer)
    i.state_data_erase_entry_run             0x00022630   Section        0  pstorage.o(i.state_data_erase_entry_run)
    state_data_erase_entry_run               0x00022631   Thumb Code    12  pstorage.o(i.state_data_erase_entry_run)
    i.state_data_erase_swap_entry_run        0x00022640   Section        0  pstorage.o(i.state_data_erase_swap_entry_run)
    state_data_erase_swap_entry_run          0x00022641   Thumb Code   124  pstorage.o(i.state_data_erase_swap_entry_run)
    i.state_entry_action_run                 0x000226cc   Section        0  pstorage.o(i.state_entry_action_run)
    state_entry_action_run                   0x000226cd   Thumb Code    52  pstorage.o(i.state_entry_action_run)
    i.state_erase_data_page_entry_run        0x00022704   Section        0  pstorage.o(i.state_erase_data_page_entry_run)
    state_erase_data_page_entry_run          0x00022705   Thumb Code    12  pstorage.o(i.state_erase_data_page_entry_run)
    i.state_idle_entry_run                   0x00022714   Section        0  pstorage.o(i.state_idle_entry_run)
    state_idle_entry_run                     0x00022715   Thumb Code    18  pstorage.o(i.state_idle_entry_run)
    i.state_restore_head_entry_run           0x00022730   Section        0  pstorage.o(i.state_restore_head_entry_run)
    state_restore_head_entry_run             0x00022731   Thumb Code    44  pstorage.o(i.state_restore_head_entry_run)
    i.state_restore_tail_entry_run           0x00022764   Section        0  pstorage.o(i.state_restore_tail_entry_run)
    state_restore_tail_entry_run             0x00022765   Thumb Code    80  pstorage.o(i.state_restore_tail_entry_run)
    i.state_store_entry_run                  0x000227bc   Section        0  pstorage.o(i.state_store_entry_run)
    state_store_entry_run                    0x000227bd   Thumb Code     8  pstorage.o(i.state_store_entry_run)
    i.state_swap_erase_entry_run             0x000227c4   Section        0  pstorage.o(i.state_swap_erase_entry_run)
    state_swap_erase_entry_run               0x000227c5   Thumb Code    30  pstorage.o(i.state_swap_erase_entry_run)
    i.state_write_data_swap_entry_run        0x000227e4   Section        0  pstorage.o(i.state_write_data_swap_entry_run)
    state_write_data_swap_entry_run          0x000227e5   Thumb Code    50  pstorage.o(i.state_write_data_swap_entry_run)
    i.storage_operation_dummy_handler        0x0002281c   Section        0  device_manager_peripheral.o(i.storage_operation_dummy_handler)
    storage_operation_dummy_handler          0x0002281d   Thumb Code     8  device_manager_peripheral.o(i.storage_operation_dummy_handler)
    i.store_cmd_flash_write_execute          0x00022824   Section        0  pstorage.o(i.store_cmd_flash_write_execute)
    store_cmd_flash_write_execute            0x00022825   Thumb Code    94  pstorage.o(i.store_cmd_flash_write_execute)
    i.store_operation_execute                0x0002288c   Section        0  pstorage.o(i.store_operation_execute)
    store_operation_execute                  0x0002288d   Thumb Code    10  pstorage.o(i.store_operation_execute)
    i.store_sub_state_sm_run                 0x00022898   Section        0  pstorage.o(i.store_sub_state_sm_run)
    store_sub_state_sm_run                   0x00022899   Thumb Code    60  pstorage.o(i.store_sub_state_sm_run)
    i.swap_erase_state_run                   0x000228e0   Section        0  pstorage.o(i.swap_erase_state_run)
    swap_erase_state_run                     0x000228e1   Thumb Code    26  pstorage.o(i.swap_erase_state_run)
    i.swap_sub_sm_exit_action_run            0x00022900   Section        0  pstorage.o(i.swap_sub_sm_exit_action_run)
    swap_sub_sm_exit_action_run              0x00022901   Thumb Code     8  pstorage.o(i.swap_sub_sm_exit_action_run)
    i.swap_sub_state_entry_action_run        0x00022908   Section        0  pstorage.o(i.swap_sub_state_entry_action_run)
    swap_sub_state_entry_action_run          0x00022909   Thumb Code    16  pstorage.o(i.swap_sub_state_entry_action_run)
    i.swap_sub_state_err_busy_process        0x00022920   Section        0  pstorage.o(i.swap_sub_state_err_busy_process)
    swap_sub_state_err_busy_process          0x00022921   Thumb Code    24  pstorage.o(i.swap_sub_state_err_busy_process)
    i.swap_sub_state_sm_run                  0x00022940   Section        0  pstorage.o(i.swap_sub_state_sm_run)
    swap_sub_state_sm_run                    0x00022941   Thumb Code    16  pstorage.o(i.swap_sub_state_sm_run)
    i.swap_sub_state_state_change            0x00022958   Section        0  pstorage.o(i.swap_sub_state_state_change)
    swap_sub_state_state_change              0x00022959   Thumb Code    14  pstorage.o(i.swap_sub_state_state_change)
    i.sys_evt_dispatch                       0x0002296c   Section        0  main.o(i.sys_evt_dispatch)
    sys_evt_dispatch                         0x0002296d   Thumb Code    18  main.o(i.sys_evt_dispatch)
    i.tail_restore_state_run                 0x00022980   Section        0  pstorage.o(i.tail_restore_state_run)
    tail_restore_state_run                   0x00022981   Thumb Code    24  pstorage.o(i.tail_restore_state_run)
    i.tail_word_size_calculate               0x0002299c   Section        0  pstorage.o(i.tail_word_size_calculate)
    tail_word_size_calculate                 0x0002299d   Thumb Code    70  pstorage.o(i.tail_word_size_calculate)
    i.ticks_diff_get                         0x000229e8   Section        0  app_timer.o(i.ticks_diff_get)
    ticks_diff_get                           0x000229e9   Thumb Code    10  app_timer.o(i.ticks_diff_get)
    i.timeout_handler_exec                   0x000229f4   Section        0  app_timer.o(i.timeout_handler_exec)
    timeout_handler_exec                     0x000229f5   Thumb Code    56  app_timer.o(i.timeout_handler_exec)
    i.timer_list_handler                     0x00022a6c   Section        0  app_timer.o(i.timer_list_handler)
    timer_list_handler                       0x00022a6d   Thumb Code    72  app_timer.o(i.timer_list_handler)
    i.timer_list_handler_sched               0x00022ac0   Section        0  app_timer.o(i.timer_list_handler_sched)
    timer_list_handler_sched                 0x00022ac1   Thumb Code    10  app_timer.o(i.timer_list_handler_sched)
    i.timer_list_insert                      0x00022acc   Section        0  app_timer.o(i.timer_list_insert)
    timer_list_insert                        0x00022acd   Thumb Code    98  app_timer.o(i.timer_list_insert)
    i.timer_list_remove                      0x00022b34   Section        0  app_timer.o(i.timer_list_remove)
    timer_list_remove                        0x00022b35   Thumb Code    90  app_timer.o(i.timer_list_remove)
    i.timer_start_op_schedule                0x00022ba0   Section        0  app_timer.o(i.timer_start_op_schedule)
    timer_start_op_schedule                  0x00022ba1   Thumb Code    86  app_timer.o(i.timer_start_op_schedule)
    i.timer_stop_op_schedule                 0x00022bfc   Section        0  app_timer.o(i.timer_stop_op_schedule)
    timer_stop_op_schedule                   0x00022bfd   Thumb Code    58  app_timer.o(i.timer_stop_op_schedule)
    i.timer_timeout_handler                  0x00022c3c   Section        0  main.o(i.timer_timeout_handler)
    timer_timeout_handler                    0x00022c3d   Thumb Code    28  main.o(i.timer_timeout_handler)
    i.timer_timeouts_check                   0x00022c60   Section        0  app_timer.o(i.timer_timeouts_check)
    timer_timeouts_check                     0x00022c61   Thumb Code   130  app_timer.o(i.timer_timeouts_check)
    i.timer_timeouts_check_sched             0x00022cf8   Section        0  app_timer.o(i.timer_timeouts_check_sched)
    timer_timeouts_check_sched               0x00022cf9   Thumb Code    10  app_timer.o(i.timer_timeouts_check_sched)
    i.timers_init                            0x00022d04   Section        0  main.o(i.timers_init)
    timers_init                              0x00022d05   Thumb Code    56  main.o(i.timers_init)
    i.tk_value_encode                        0x00022d58   Section        0  ble_advdata.o(i.tk_value_encode)
    tk_value_encode                          0x00022d59   Thumb Code    70  ble_advdata.o(i.tk_value_encode)
    i.transfer_byte                          0x00022d9e   Section        0  nrf_drv_spi.o(i.transfer_byte)
    transfer_byte                            0x00022d9f   Thumb Code   106  nrf_drv_spi.o(i.transfer_byte)
    i.twi_clear_bus                          0x00022e08   Section        0  nrf_drv_twi.o(i.twi_clear_bus)
    twi_clear_bus                            0x00022e09   Thumb Code   138  nrf_drv_twi.o(i.twi_clear_bus)
    i.twi_master_init                        0x00022e9c   Section        0  main.o(i.twi_master_init)
    twi_master_init                          0x00022e9d   Thumb Code    46  main.o(i.twi_master_init)
    i.twi_receive_byte                       0x00022ed4   Section        0  nrf_drv_twi.o(i.twi_receive_byte)
    twi_receive_byte                         0x00022ed5   Thumb Code    76  nrf_drv_twi.o(i.twi_receive_byte)
    i.twi_rx_start_transfer                  0x00022f20   Section        0  nrf_drv_twi.o(i.twi_rx_start_transfer)
    twi_rx_start_transfer                    0x00022f21   Thumb Code   166  nrf_drv_twi.o(i.twi_rx_start_transfer)
    i.twi_send_byte                          0x00022fc6   Section        0  nrf_drv_twi.o(i.twi_send_byte)
    twi_send_byte                            0x00022fc7   Thumb Code    72  nrf_drv_twi.o(i.twi_send_byte)
    i.twi_transfer                           0x0002300e   Section        0  nrf_drv_twi.o(i.twi_transfer)
    twi_transfer                             0x0002300f   Thumb Code   290  nrf_drv_twi.o(i.twi_transfer)
    i.twi_tx_start_transfer                  0x00023130   Section        0  nrf_drv_twi.o(i.twi_tx_start_transfer)
    twi_tx_start_transfer                    0x00023131   Thumb Code   172  nrf_drv_twi.o(i.twi_tx_start_transfer)
    i.twi_xfer                               0x000231dc   Section        0  nrf_drv_twi.o(i.twi_xfer)
    twi_xfer                                 0x000231dd   Thumb Code   184  nrf_drv_twi.o(i.twi_xfer)
    i.tx_byte                                0x00023294   Section        0  nrf_drv_uart.o(i.tx_byte)
    tx_byte                                  0x00023295   Thumb Code    42  nrf_drv_uart.o(i.tx_byte)
    i.tx_done_event                          0x000232cc   Section        0  nrf_drv_uart.o(i.tx_done_event)
    tx_done_event                            0x000232cd   Thumb Code    38  nrf_drv_uart.o(i.tx_done_event)
    i.tx_power_level_encode                  0x000232f8   Section        0  ble_advdata.o(i.tx_power_level_encode)
    tx_power_level_encode                    0x000232f9   Thumb Code    54  ble_advdata.o(i.tx_power_level_encode)
    i.uart_irq_handler                       0x00023330   Section        0  nrf_drv_uart.o(i.uart_irq_handler)
    uart_irq_handler                         0x00023331   Thumb Code   342  nrf_drv_uart.o(i.uart_irq_handler)
    i.uarte_irq_handler                      0x00023490   Section        0  nrf_drv_uart.o(i.uarte_irq_handler)
    uarte_irq_handler                        0x00023491   Thumb Code   286  nrf_drv_uart.o(i.uarte_irq_handler)
    i.uint16_encode                          0x000235bc   Section        0  ble_advdata.o(i.uint16_encode)
    uint16_encode                            0x000235bd   Thumb Code    12  ble_advdata.o(i.uint16_encode)
    i.update_operation_execute               0x000235c8   Section        0  pstorage.o(i.update_operation_execute)
    update_operation_execute                 0x000235c9   Thumb Code     8  pstorage.o(i.update_operation_execute)
    i.update_status_bit_reset                0x000235d0   Section        0  device_manager_peripheral.o(i.update_status_bit_reset)
    update_status_bit_reset                  0x000235d1   Thumb Code    16  device_manager_peripheral.o(i.update_status_bit_reset)
    i.update_timeout_handler                 0x000235e4   Section        0  ble_conn_params.o(i.update_timeout_handler)
    update_timeout_handler                   0x000235e5   Thumb Code   126  ble_conn_params.o(i.update_timeout_handler)
    i.user_id_get                            0x00023674   Section        0  app_timer.o(i.user_id_get)
    user_id_get                              0x00023675   Thumb Code    78  app_timer.o(i.user_id_get)
    i.user_op_alloc                          0x000236cc   Section        0  app_timer.o(i.user_op_alloc)
    user_op_alloc                            0x000236cd   Thumb Code    48  app_timer.o(i.user_op_alloc)
    i.user_op_enque                          0x000236fc   Section        0  app_timer.o(i.user_op_enque)
    user_op_enque                            0x000236fd   Thumb Code     4  app_timer.o(i.user_op_enque)
    i.uuid_list_encode                       0x00023700   Section        0  ble_advdata.o(i.uuid_list_encode)
    uuid_list_encode                         0x00023701   Thumb Code    78  ble_advdata.o(i.uuid_list_encode)
    i.uuid_list_sized_encode                 0x0002374e   Section        0  ble_advdata.o(i.uuid_list_sized_encode)
    uuid_list_sized_encode                   0x0002374f   Thumb Code   220  ble_advdata.o(i.uuid_list_sized_encode)
    i.whitelist_has_entries                  0x0002382a   Section        0  ble_advertising.o(i.whitelist_has_entries)
    whitelist_has_entries                    0x0002382b   Thumb Code    18  ble_advertising.o(i.whitelist_has_entries)
    .constdata                               0x0002383c   Section       48  main.o(.constdata)
    spi                                      0x0002383c   Data           8  main.o(.constdata)
    m_twi_master                             0x00023844   Data           8  main.o(.constdata)
    m_our_char_timer_id                      0x0002384c   Data           4  main.o(.constdata)
    .constdata                               0x0002386c   Section       40  our_service.o(.constdata)
    data_dump_id                             0x0002386c   Data           4  our_service.o(.constdata)
    .constdata                               0x00023894   Section        4  ble_conn_params.o(.constdata)
    m_conn_params_timer_id                   0x00023894   Data           4  ble_conn_params.o(.constdata)
    .constdata                               0x00023898   Section       52  device_manager_peripheral.o(.constdata)
    .constdata                               0x000238cc   Section       40  pstorage.o(.constdata)
    swap_sub_state_sm_lut                    0x000238cc   Data          20  pstorage.o(.constdata)
    swap_sub_state_sm_lut                    0x000238e0   Data          20  pstorage.o(.constdata)
    .constdata                               0x000238f4   Section       44  nrf_drv_twi.o(.constdata)
    m_default_config                         0x000238f4   Data          32  nrf_drv_twi.o(.constdata)
    .constdata                               0x00023920   Section       16  nrf_drv_spi.o(.constdata)
    m_default_config                         0x00023920   Data          16  nrf_drv_spi.o(.constdata)
    .constdata                               0x00023930   Section       16  segger_rtt_printf.o(.constdata)
    _aV2C                                    0x00023930   Data          16  segger_rtt_printf.o(.constdata)
    .conststring                             0x00023940   Section       76  device_manager_peripheral.o(.conststring)
    .conststring                             0x0002398c   Section       87  softdevice_handler.o(.conststring)
    .conststring                             0x000239e4   Section        9  segger_rtt.o(.conststring)
    .data                                    0x20002080   Section      114  main.o(.data)
    m_app_handle                             0x20002080   Data           1  main.o(.data)
    m_conn_handle                            0x20002082   Data           2  main.o(.data)
    spi_xfer_done                            0x200020a1   Data           1  main.o(.data)
    m_adv_uuids                              0x200020ee   Data           4  main.o(.data)
    .data                                    0x200020f2   Section        2  our_service.o(.data)
    .data                                    0x200020f4   Section       32  ble_advertising.o(.data)
    m_advertising_start_pending              0x200020f4   Data           1  ble_advertising.o(.data)
    m_peer_address                           0x200020f5   Data           7  ble_advertising.o(.data)
    m_adv_evt                                0x200020fc   Data           1  ble_advertising.o(.data)
    m_evt_handler                            0x20002100   Data           4  ble_advertising.o(.data)
    m_error_handler                          0x20002104   Data           4  ble_advertising.o(.data)
    m_adv_mode_current                       0x20002108   Data           1  ble_advertising.o(.data)
    m_whitelist_temporarily_disabled         0x20002109   Data           1  ble_advertising.o(.data)
    m_whitelist_reply_expected               0x2000210a   Data           1  ble_advertising.o(.data)
    m_peer_addr_reply_expected               0x2000210b   Data           1  ble_advertising.o(.data)
    m_slave_conn_int                         0x2000210c   Data           4  ble_advertising.o(.data)
    m_tx_power_level                         0x20002110   Data           1  ble_advertising.o(.data)
    current_slave_link_conn_handle           0x20002112   Data           2  ble_advertising.o(.data)
    .data                                    0x20002114   Section       21  ble_conn_params.o(.data)
    m_preferred_conn_params                  0x20002114   Data           8  ble_conn_params.o(.data)
    m_update_count                           0x2000211c   Data           1  ble_conn_params.o(.data)
    m_conn_handle                            0x2000211e   Data           2  ble_conn_params.o(.data)
    m_current_conn_params                    0x20002120   Data           8  ble_conn_params.o(.data)
    m_change_param                           0x20002128   Data           1  ble_conn_params.o(.data)
    .data                                    0x2000212c   Section       20  device_manager_peripheral.o(.data)
    m_storage_handle                         0x2000212c   Data           8  device_manager_peripheral.o(.data)
    m_peer_addr_update                       0x20002134   Data           4  device_manager_peripheral.o(.data)
    m_module_initialized                     0x20002138   Data           1  device_manager_peripheral.o(.data)
    m_irk_index_table                        0x20002139   Data           7  device_manager_peripheral.o(.data)
    .data                                    0x20002140   Section       40  pstorage.o(.data)
    m_next_app_instance                      0x20002140   Data           2  pstorage.o(.data)
    m_next_page_addr                         0x20002144   Data           4  pstorage.o(.data)
    m_state                                  0x20002148   Data           1  pstorage.o(.data)
    m_swap_sub_state                         0x20002149   Data           1  pstorage.o(.data)
    m_head_word_size                         0x2000214c   Data           4  pstorage.o(.data)
    m_tail_word_size                         0x20002150   Data           4  pstorage.o(.data)
    m_current_page_id                        0x20002154   Data           4  pstorage.o(.data)
    m_num_of_command_retries                 0x20002158   Data           4  pstorage.o(.data)
    m_num_of_bytes_written                   0x2000215c   Data           4  pstorage.o(.data)
    m_app_data_size                          0x20002160   Data           4  pstorage.o(.data)
    m_flags                                  0x20002164   Data           4  pstorage.o(.data)
    .data                                    0x20002168   Section       34  app_timer.o(.data)
    m_user_array_size                        0x20002168   Data           1  app_timer.o(.data)
    mp_users                                 0x2000216c   Data           4  app_timer.o(.data)
    mp_timer_id_head                         0x20002170   Data           4  app_timer.o(.data)
    m_ticks_latest                           0x20002174   Data           4  app_timer.o(.data)
    m_ticks_elapsed                          0x20002178   Data           8  app_timer.o(.data)
    m_ticks_elapsed_q_read_ind               0x20002180   Data           1  app_timer.o(.data)
    m_ticks_elapsed_q_write_ind              0x20002181   Data           1  app_timer.o(.data)
    m_evt_schedule_func                      0x20002184   Data           4  app_timer.o(.data)
    m_rtc1_running                           0x20002188   Data           1  app_timer.o(.data)
    m_rtc1_reset                             0x20002189   Data           1  app_timer.o(.data)
    .data                                    0x2000218c   Section       24  softdevice_handler.o(.data)
    m_evt_schedule_func                      0x2000218c   Data           4  softdevice_handler.o(.data)
    m_softdevice_enabled                     0x20002190   Data           1  softdevice_handler.o(.data)
    mp_ble_evt_buffer                        0x20002194   Data           4  softdevice_handler.o(.data)
    m_ble_evt_buffer_size                    0x20002198   Data           2  softdevice_handler.o(.data)
    m_ble_evt_handler                        0x2000219c   Data           4  softdevice_handler.o(.data)
    m_sys_evt_handler                        0x200021a0   Data           4  softdevice_handler.o(.data)
    .data                                    0x200021a4   Section      121  segger_rtt.o(.data)
    _SEGGER_RTT                              0x200021a4   Data         120  segger_rtt.o(.data)
    _ActiveTerminal                          0x2000221c   Data           1  segger_rtt.o(.data)
    .data                                    0x20002220   Section        4  system_nrf52.o(.data)
    __tagsym$$used                           0x20002220   Number         0  system_nrf52.o(.data)
    .bss                                     0x20002224   Section     1048  main.o(.bss)
    ADXLdataBuffer                           0x20002256   Data         196  main.o(.bss)
    ADXLdataBuffer2                          0x2000231a   Data         196  main.o(.bss)
    m_our_char_timer_id_data                 0x200023ec   Data          32  main.o(.bss)
    data_dump_id_data                        0x2000240c   Data          32  main.o(.bss)
    APP_TIMER_BUF                            0x2000242c   Data         456  main.o(.bss)
    BLE_EVT_BUFFER                           0x200025f4   Data          72  main.o(.bss)
    .bss                                     0x2000263c   Section       32  our_service.o(.bss)
    data_dump_id_data                        0x2000263c   Data          32  our_service.o(.bss)
    .bss                                     0x2000265c   Section      259  ble_advertising.o(.bss)
    m_advdata                                0x2000265c   Data          56  ble_advertising.o(.bss)
    m_adv_modes_config                       0x20002694   Data          36  ble_advertising.o(.bss)
    m_whitelist                              0x200026b8   Data          16  ble_advertising.o(.bss)
    mp_whitelist_addr                        0x200026c8   Data          32  ble_advertising.o(.bss)
    mp_whitelist_irk                         0x200026e8   Data          32  ble_advertising.o(.bss)
    m_manuf_specific_data                    0x20002708   Data          12  ble_advertising.o(.bss)
    m_manuf_data_array                       0x20002714   Data          31  ble_advertising.o(.bss)
    m_service_data                           0x20002734   Data          12  ble_advertising.o(.bss)
    m_service_data_array                     0x20002740   Data          31  ble_advertising.o(.bss)
    .bss                                     0x20002760   Section       60  ble_conn_params.o(.bss)
    m_conn_params_config                     0x20002760   Data          28  ble_conn_params.o(.bss)
    m_conn_params_timer_id_data              0x2000277c   Data          32  ble_conn_params.o(.bss)
    .bss                                     0x2000279c   Section      335  device_manager_peripheral.o(.bss)
    m_app_context_table                      0x2000279c   Data          28  device_manager_peripheral.o(.bss)
    m_peer_table                             0x200027b8   Data         196  device_manager_peripheral.o(.bss)
    m_bond_table                             0x2000287c   Data          28  device_manager_peripheral.o(.bss)
    m_gatts_table                            0x20002898   Data          36  device_manager_peripheral.o(.bss)
    m_connection_table                       0x200028bc   Data          12  device_manager_peripheral.o(.bss)
    m_application_table                      0x200028c8   Data          12  device_manager_peripheral.o(.bss)
    m_local_id_info                          0x200028d4   Data          23  device_manager_peripheral.o(.bss)
    .bss                                     0x200028ec   Section       88  nrf_drv_gpiote.o(.bss)
    m_cb                                     0x200028ec   Data          88  nrf_drv_gpiote.o(.bss)
    .bss                                     0x20002944   Section       32  nrf_drv_uart.o(.bss)
    m_cb                                     0x20002944   Data          32  nrf_drv_uart.o(.bss)
    .bss                                     0x20002964   Section      228  pstorage.o(.bss)
    m_cmd_queue                              0x20002964   Data         204  pstorage.o(.bss)
    m_app_table                              0x20002a30   Data          24  pstorage.o(.bss)
    .bss                                     0x20002a48   Section       80  nrf_drv_twi.o(.bss)
    m_cb                                     0x20002a48   Data          80  nrf_drv_twi.o(.bss)
    .bss                                     0x20002a98   Section       32  nrf_drv_spi.o(.bss)
    m_cb                                     0x20002a98   Data          32  nrf_drv_spi.o(.bss)
    .bss                                     0x20002ab8   Section       32  app_error.o(.bss)
    m_error_data                             0x20002ab8   Data          32  app_error.o(.bss)
    .bss                                     0x20002ad8   Section       88  fstorage.o(.bss)
    m_queue                                  0x20002ad8   Data          88  fstorage.o(.bss)
    .bss                                     0x20002b30   Section       12  softdevice_handler.o(.bss)
    .bss                                     0x20002b3c   Section     1040  segger_rtt.o(.bss)
    _acUpBuffer                              0x20002b3c   Data        1024  segger_rtt.o(.bss)
    _acDownBuffer                            0x20002f3c   Data          16  segger_rtt.o(.bss)
    STACK                                    0x20002f50   Section     8192  arm_startup_nrf52.o(STACK)

    Global Symbols

    Symbol Name                              Value     Ov Type        Size  Object(Section)

    BuildAttributes$$THM_ISAv4$E$P$D$K$B$S$7EM$VFPi3$EXTD16$VFPS$VFMA$PE$A:L22UL41UL21$X:L11$S22US41US21$IEEE1$IW$USESV6$~STKCKD$USESV7$~SHL$OSPACE$ROPI$EBA8$MICROLIB$REQ8$PRES8$EABIv2 0x00000000   Number         0  anon$$obj.o ABSOLUTE
    __ARM_use_no_argv                        0x00000000   Number         0  main.o ABSOLUTE
    __cpp_initialize__aeabi_                  - Undefined Weak Reference
    __cxa_finalize                            - Undefined Weak Reference
    _clock_init                               - Undefined Weak Reference
    _microlib_exit                            - Undefined Weak Reference
    fs_data$$Base                             - Undefined Reference
    fs_data$$Limit                            - Undefined Reference
    __Vectors_Size                           0x00000400   Number         0  arm_startup_nrf52.o ABSOLUTE
    __Vectors                                0x0001c000   Data           4  arm_startup_nrf52.o(RESET)
    __Vectors_End                            0x0001c400   Data           0  arm_startup_nrf52.o(RESET)
    __main                                   0x0001c401   Thumb Code     0  entry.o(.ARM.Collect$$$$00000000)
    _main_stk                                0x0001c401   Thumb Code     0  entry2.o(.ARM.Collect$$$$00000001)
    _main_scatterload                        0x0001c405   Thumb Code     0  entry5.o(.ARM.Collect$$$$00000004)
    __main_after_scatterload                 0x0001c409   Thumb Code     0  entry5.o(.ARM.Collect$$$$00000004)
    _main_clock                              0x0001c409   Thumb Code     0  entry7b.o(.ARM.Collect$$$$00000008)
    _main_cpp_init                           0x0001c409   Thumb Code     0  entry8b.o(.ARM.Collect$$$$0000000A)
    _main_init                               0x0001c409   Thumb Code     0  entry9a.o(.ARM.Collect$$$$0000000B)
    __rt_final_cpp                           0x0001c411   Thumb Code     0  entry10a.o(.ARM.Collect$$$$0000000D)
    __rt_final_exit                          0x0001c411   Thumb Code     0  entry11a.o(.ARM.Collect$$$$0000000F)
    __asm___11_nrf_delay_c_532987f3__nrf_delay_us 0x0001c415   Thumb Code   118  nrf_delay.o(.emb_text)
    __asm___13_nrf_drv_twi_c_a9bcf68d__nrf_delay_us 0x0001c48d   Thumb Code   118  nrf_drv_twi.o(.emb_text)
    __asm___11_app_timer_c_cd27f9c3__nrf_delay_us 0x0001c505   Thumb Code   118  app_timer.o(.emb_text)
    Reset_Handler                            0x0001c57d   Thumb Code     8  arm_startup_nrf52.o(.text)
    NMI_Handler                              0x0001c585   Thumb Code     2  arm_startup_nrf52.o(.text)
    HardFault_Handler                        0x0001c587   Thumb Code     2  arm_startup_nrf52.o(.text)
    MemoryManagement_Handler                 0x0001c589   Thumb Code     2  arm_startup_nrf52.o(.text)
    BusFault_Handler                         0x0001c58b   Thumb Code     2  arm_startup_nrf52.o(.text)
    UsageFault_Handler                       0x0001c58d   Thumb Code     2  arm_startup_nrf52.o(.text)
    SVC_Handler                              0x0001c58f   Thumb Code     2  arm_startup_nrf52.o(.text)
    DebugMon_Handler                         0x0001c591   Thumb Code     2  arm_startup_nrf52.o(.text)
    PendSV_Handler                           0x0001c593   Thumb Code     2  arm_startup_nrf52.o(.text)
    SysTick_Handler                          0x0001c595   Thumb Code     2  arm_startup_nrf52.o(.text)
    CCM_AAR_IRQHandler                       0x0001c597   Thumb Code     0  arm_startup_nrf52.o(.text)
    COMP_LPCOMP_IRQHandler                   0x0001c597   Thumb Code     0  arm_startup_nrf52.o(.text)
    ECB_IRQHandler                           0x0001c597   Thumb Code     0  arm_startup_nrf52.o(.text)
    FPU_IRQHandler                           0x0001c597   Thumb Code     0  arm_startup_nrf52.o(.text)
    I2S_IRQHandler                           0x0001c597   Thumb Code     0  arm_startup_nrf52.o(.text)
    MWU_IRQHandler                           0x0001c597   Thumb Code     0  arm_startup_nrf52.o(.text)
    NFCT_IRQHandler                          0x0001c597   Thumb Code     0  arm_startup_nrf52.o(.text)
    PDM_IRQHandler                           0x0001c597   Thumb Code     0  arm_startup_nrf52.o(.text)
    POWER_CLOCK_IRQHandler                   0x0001c597   Thumb Code     0  arm_startup_nrf52.o(.text)
    PWM0_IRQHandler                          0x0001c597   Thumb Code     0  arm_startup_nrf52.o(.text)
    PWM1_IRQHandler                          0x0001c597   Thumb Code     0  arm_startup_nrf52.o(.text)
    PWM2_IRQHandler                          0x0001c597   Thumb Code     0  arm_startup_nrf52.o(.text)
    QDEC_IRQHandler                          0x0001c597   Thumb Code     0  arm_startup_nrf52.o(.text)
    RADIO_IRQHandler                         0x0001c597   Thumb Code     0  arm_startup_nrf52.o(.text)
    RNG_IRQHandler                           0x0001c597   Thumb Code     0  arm_startup_nrf52.o(.text)
    RTC0_IRQHandler                          0x0001c597   Thumb Code     0  arm_startup_nrf52.o(.text)
    RTC2_IRQHandler                          0x0001c597   Thumb Code     0  arm_startup_nrf52.o(.text)
    SAADC_IRQHandler                         0x0001c597   Thumb Code     0  arm_startup_nrf52.o(.text)
    SWI1_EGU1_IRQHandler                     0x0001c597   Thumb Code     0  arm_startup_nrf52.o(.text)
    SWI3_EGU3_IRQHandler                     0x0001c597   Thumb Code     0  arm_startup_nrf52.o(.text)
    SWI4_EGU4_IRQHandler                     0x0001c597   Thumb Code     0  arm_startup_nrf52.o(.text)
    SWI5_EGU5_IRQHandler                     0x0001c597   Thumb Code     0  arm_startup_nrf52.o(.text)
    TEMP_IRQHandler                          0x0001c597   Thumb Code     0  arm_startup_nrf52.o(.text)
    TIMER0_IRQHandler                        0x0001c597   Thumb Code     0  arm_startup_nrf52.o(.text)
    TIMER1_IRQHandler                        0x0001c597   Thumb Code     0  arm_startup_nrf52.o(.text)
    TIMER2_IRQHandler                        0x0001c597   Thumb Code     0  arm_startup_nrf52.o(.text)
    TIMER3_IRQHandler                        0x0001c597   Thumb Code     0  arm_startup_nrf52.o(.text)
    TIMER4_IRQHandler                        0x0001c597   Thumb Code     0  arm_startup_nrf52.o(.text)
    WDT_IRQHandler                           0x0001c597   Thumb Code     0  arm_startup_nrf52.o(.text)
    __aeabi_memcpy                           0x0001c5a1   Thumb Code    36  memcpya.o(.text)
    __aeabi_memcpy4                          0x0001c5a1   Thumb Code     0  memcpya.o(.text)
    __aeabi_memcpy8                          0x0001c5a1   Thumb Code     0  memcpya.o(.text)
    __aeabi_memset                           0x0001c5c5   Thumb Code    14  memseta.o(.text)
    __aeabi_memset4                          0x0001c5c5   Thumb Code     0  memseta.o(.text)
    __aeabi_memset8                          0x0001c5c5   Thumb Code     0  memseta.o(.text)
    __aeabi_memclr                           0x0001c5d3   Thumb Code     4  memseta.o(.text)
    __aeabi_memclr4                          0x0001c5d3   Thumb Code     0  memseta.o(.text)
    __aeabi_memclr8                          0x0001c5d3   Thumb Code     0  memseta.o(.text)
    _memset$wrapper                          0x0001c5d7   Thumb Code    18  memseta.o(.text)
    memcmp                                   0x0001c5e9   Thumb Code    26  memcmp.o(.text)
    __scatterload                            0x0001c605   Thumb Code    28  init.o(.text)
    __scatterload_rt2                        0x0001c605   Thumb Code     0  init.o(.text)
    __decompress                             0x0001c629   Thumb Code     0  __dczerorl.o(.text)
    __decompress0                            0x0001c629   Thumb Code    58  __dczerorl.o(.text)
    GPIOTE_IRQHandler                        0x0001c665   Thumb Code   420  nrf_drv_gpiote.o(i.GPIOTE_IRQHandler)
    RTC1_IRQHandler                          0x0001c88d   Thumb Code    44  app_timer.o(i.RTC1_IRQHandler)
    SEGGER_RTT_Write                         0x0001c8c1   Thumb Code   364  segger_rtt.o(i.SEGGER_RTT_Write)
    SEGGER_RTT_WriteString                   0x0001ca31   Thumb Code    26  segger_rtt.o(i.SEGGER_RTT_WriteString)
    SEGGER_RTT_printf                        0x0001ca4b   Thumb Code    26  segger_rtt_printf.o(i.SEGGER_RTT_printf)
    SEGGER_RTT_vprintf                       0x0001ca65   Thumb Code   504  segger_rtt_printf.o(i.SEGGER_RTT_vprintf)
    SPIM0_SPIS0_TWIM0_TWIS0_SPI0_TWI0_IRQHandler 0x0001cc5d   Thumb Code    12  nrf_drv_twi.o(i.SPIM0_SPIS0_TWIM0_TWIS0_SPI0_TWI0_IRQHandler)
    SPIM1_SPIS1_TWIM1_TWIS1_SPI1_TWI1_IRQHandler 0x0001cc71   Thumb Code    14  nrf_drv_twi.o(i.SPIM1_SPIS1_TWIM1_TWIS1_SPI1_TWI1_IRQHandler)
    SPIM2_SPIS2_SPI2_IRQHandler              0x0001cc85   Thumb Code    14  nrf_drv_spi.o(i.SPIM2_SPIS2_SPI2_IRQHandler)
    SWI0_EGU0_IRQHandler                     0x0001cc9d   Thumb Code     8  app_timer.o(i.SWI0_EGU0_IRQHandler)
    SWI2_EGU2_IRQHandler                     0x0001cca5   Thumb Code    48  softdevice_handler.o(i.SWI2_EGU2_IRQHandler)
    SystemCoreClockUpdate                    0x0001ccdd   Thumb Code     8  system_nrf52.o(i.SystemCoreClockUpdate)
    SystemInit                               0x0001cced   Thumb Code   532  system_nrf52.o(i.SystemInit)
    UARTE0_UART0_IRQHandler                  0x0001cf39   Thumb Code    20  nrf_drv_uart.o(i.UARTE0_UART0_IRQHandler)
    __scatterload_copy                       0x0001d175   Thumb Code    14  handlers.o(i.__scatterload_copy)
    __scatterload_null                       0x0001d183   Thumb Code     2  handlers.o(i.__scatterload_null)
    __scatterload_zeroinit                   0x0001d185   Thumb Code    14  handlers.o(i.__scatterload_zeroinit)
    adv_data_encode                          0x0001d1b1   Thumb Code   454  ble_advdata.o(i.adv_data_encode)
    app_error_fault_handler                  0x0001d411   Thumb Code    20  app_error_weak.o(i.app_error_fault_handler)
    app_error_handler                        0x0001d425   Thumb Code    32  app_error.o(i.app_error_handler)
    app_error_save_and_stop                  0x0001d445   Thumb Code   132  app_error.o(i.app_error_save_and_stop)
    app_timer_create                         0x0001d545   Thumb Code    56  app_timer.o(i.app_timer_create)
    app_timer_init                           0x0001d581   Thumb Code   154  app_timer.o(i.app_timer_init)
    app_timer_start                          0x0001d639   Thumb Code    84  app_timer.o(i.app_timer_start)
    app_timer_stop                           0x0001d691   Thumb Code    48  app_timer.o(i.app_timer_stop)
    ble_advdata_set                          0x0001d731   Thumb Code   148  ble_advdata.o(i.ble_advdata_set)
    ble_advertising_init                     0x0001d7c5   Thumb Code   324  ble_advertising.o(i.ble_advertising_init)
    ble_advertising_on_ble_evt               0x0001d941   Thumb Code   224  ble_advertising.o(i.ble_advertising_on_ble_evt)
    ble_advertising_on_sys_evt               0x0001da39   Thumb Code    64  ble_advertising.o(i.ble_advertising_on_sys_evt)
    ble_advertising_start                    0x0001da95   Thumb Code   604  ble_advertising.o(i.ble_advertising_start)
    ble_conn_params_init                     0x0001dd1d   Thumb Code    84  ble_conn_params.o(i.ble_conn_params_init)
    ble_conn_params_on_ble_evt               0x0001dd8d   Thumb Code    62  ble_conn_params.o(i.ble_conn_params_on_ble_evt)
    ble_our_service_on_ble_evt               0x0001de6d   Thumb Code   120  our_service.o(i.ble_our_service_on_ble_evt)
    bond_data_load                           0x0001e061   Thumb Code    64  device_manager_peripheral.o(i.bond_data_load)
    dm_ble_evt_handler                       0x0001eaf5   Thumb Code  1696  device_manager_peripheral.o(i.dm_ble_evt_handler)
    dm_handle_initialize                     0x0001f1ad   Thumb Code    24  device_manager_peripheral.o(i.dm_handle_initialize)
    dm_init                                  0x0001f1c5   Thumb Code   234  device_manager_peripheral.o(i.dm_init)
    dm_register                              0x0001f529   Thumb Code   166  device_manager_peripheral.o(i.dm_register)
    fs_queued_op_count_get                   0x0001fa19   Thumb Code    18  fstorage.o(i.fs_queued_op_count_get)
    initializePin                            0x0001fdd5   Thumb Code    46  main.o(i.initializePin)
    int_fxn                                  0x0001fe21   Thumb Code   252  main.o(i.int_fxn)
    intern_softdevice_events_execute         0x0001ff81   Thumb Code   150  softdevice_handler.o(i.intern_softdevice_events_execute)
    main                                     0x00020419   Thumb Code  1680  main.o(i.main)
    nrf_delay_ms                             0x00020c3f   Thumb Code    26  nrf_delay.o(i.nrf_delay_ms)
    nrf_drv_common_irq_enable                0x00020c59   Thumb Code    84  nrf_drv_common.o(i.nrf_drv_common_irq_enable)
    nrf_drv_gpiote_in_event_enable           0x00020cc5   Thumb Code   170  nrf_drv_gpiote.o(i.nrf_drv_gpiote_in_event_enable)
    nrf_drv_gpiote_in_init                   0x00020d7d   Thumb Code   198  nrf_drv_gpiote.o(i.nrf_drv_gpiote_in_init)
    nrf_drv_gpiote_init                      0x00020e55   Thumb Code    78  nrf_drv_gpiote.o(i.nrf_drv_gpiote_init)
    nrf_drv_gpiote_is_init                   0x00020ea9   Thumb Code    16  nrf_drv_gpiote.o(i.nrf_drv_gpiote_is_init)
    nrf_drv_gpiote_out_clear                 0x00020ebd   Thumb Code    12  nrf_drv_gpiote.o(i.nrf_drv_gpiote_out_clear)
    nrf_drv_gpiote_out_init                  0x00020ec9   Thumb Code   190  nrf_drv_gpiote.o(i.nrf_drv_gpiote_out_init)
    nrf_drv_gpiote_out_set                   0x00020f95   Thumb Code    12  nrf_drv_gpiote.o(i.nrf_drv_gpiote_out_set)
    nrf_drv_spi_init                         0x00020fa1   Thumb Code   326  nrf_drv_spi.o(i.nrf_drv_spi_init)
    nrf_drv_spi_transfer                     0x000210f5   Thumb Code    44  nrf_drv_spi.o(i.nrf_drv_spi_transfer)
    nrf_drv_spi_xfer                         0x00021121   Thumb Code   106  nrf_drv_spi.o(i.nrf_drv_spi_xfer)
    nrf_drv_twi_enable                       0x00021191   Thumb Code    32  nrf_drv_twi.o(i.nrf_drv_twi_enable)
    nrf_drv_twi_init                         0x000211b5   Thumb Code   142  nrf_drv_twi.o(i.nrf_drv_twi_init)
    nrf_drv_twi_rx                           0x00021251   Thumb Code    40  nrf_drv_twi.o(i.nrf_drv_twi_rx)
    nrf_drv_twi_tx                           0x0002127d   Thumb Code    60  nrf_drv_twi.o(i.nrf_drv_twi_tx)
    nrf_drv_twi_xfer                         0x000212b9   Thumb Code    54  nrf_drv_twi.o(i.nrf_drv_twi_xfer)
    our_service_init                         0x00021809   Thumb Code   100  our_service.o(i.our_service_init)
    our_termperature_characteristic_update   0x00021889   Thumb Code    68  our_service.o(i.our_termperature_characteristic_update)
    pstorage_access_status_get               0x000219d9   Thumb Code    36  pstorage.o(i.pstorage_access_status_get)
    pstorage_block_identifier_get            0x00021a05   Thumb Code   154  pstorage.o(i.pstorage_block_identifier_get)
    pstorage_clear                           0x00021aa9   Thumb Code   280  pstorage.o(i.pstorage_clear)
    pstorage_init                            0x00021bf1   Thumb Code   110  pstorage.o(i.pstorage_init)
    pstorage_load                            0x00021c81   Thumb Code   236  pstorage.o(i.pstorage_load)
    pstorage_register                        0x00021d75   Thumb Code   256  pstorage.o(i.pstorage_register)
    pstorage_store                           0x00021e85   Thumb Code   212  pstorage.o(i.pstorage_store)
    pstorage_sys_event_handler               0x00021f61   Thumb Code    62  pstorage.o(i.pstorage_sys_event_handler)
    pstorage_update                          0x00021fa9   Thumb Code   212  pstorage.o(i.pstorage_update)
    readGyro                                 0x00022085   Thumb Code    86  main.o(i.readGyro)
    sd_check_ram_start                       0x00022225   Thumb Code    22  softdevice_handler.o(i.sd_check_ram_start)
    softdevice_ble_evt_handler_set           0x00022401   Thumb Code    20  softdevice_handler.o(i.softdevice_ble_evt_handler_set)
    softdevice_enable                        0x00022419   Thumb Code    24  softdevice_handler.o(i.softdevice_enable)
    softdevice_enable_get_default_config     0x00022435   Thumb Code    44  softdevice_handler.o(i.softdevice_enable_get_default_config)
    softdevice_fault_handler                 0x00022461   Thumb Code    20  softdevice_handler.o(i.softdevice_fault_handler)
    softdevice_handler_init                  0x00022475   Thumb Code    80  softdevice_handler.o(i.softdevice_handler_init)
    softdevice_sys_evt_handler_set           0x000224d9   Thumb Code    20  softdevice_handler.o(i.softdevice_sys_evt_handler_set)
    spiInit                                  0x000224f1   Thumb Code   104  main.o(i.spiInit)
    spi_event_handler                        0x00022561   Thumb Code     8  main.o(i.spi_event_handler)
    startUartXfer                            0x00022619   Thumb Code    18  our_service.o(i.startUartXfer)
    m_service_context_store                  0x00023898   Data          16  device_manager_peripheral.o(.constdata)
    m_service_context_load                   0x000238a8   Data          16  device_manager_peripheral.o(.constdata)
    m_service_context_apply                  0x000238b8   Data          16  device_manager_peripheral.o(.constdata)
    m_context_init_len                       0x000238c8   Data           4  device_manager_peripheral.o(.constdata)
    Region$$Table$$Base                      0x000239f0   Number         0  anon$$obj.o(Region$$Table)
    Region$$Table$$Limit                     0x00023a10   Number         0  anon$$obj.o(Region$$Table)
    Image$$RW_IRAM1$$Base                    0x20002080   Number         0  anon$$obj.o ABSOLUTE
    vector                                   0x20002088   Data           8  main.o(.data)
    mainADXLid                               0x20002090   Data           1  main.o(.data)
    antADXLid                                0x20002091   Data           1  main.o(.data)
    testANT                                  0x20002092   Data           1  main.o(.data)
    cs_flag                                  0x20002093   Data           1  main.o(.data)
    FRAMregister                             0x20002094   Data           4  main.o(.data)
    FRAMreadRegister                         0x20002098   Data           4  main.o(.data)
    registerAtStop                           0x2000209c   Data           4  main.o(.data)
    FRAMfull                                 0x200020a0   Data           1  main.o(.data)
    buffTx                                   0x200020a2   Data           1  main.o(.data)
    addrBuffTx                               0x200020a4   Data           4  main.o(.data)
    addrBuffRx                               0x200020a8   Data           4  main.o(.data)
    i                                        0x200020ac   Data           1  main.o(.data)
    writeFlag                                0x200020ad   Data           1  main.o(.data)
    greatestVal                              0x200020b0   Data           8  main.o(.data)
    greatestVal2                             0x200020b8   Data           8  main.o(.data)
    isInt                                    0x200020c0   Data           4  main.o(.data)
    main_bosch_address_pin                   0x200020c4   Data           4  main.o(.data)
    green_led                                0x200020c8   Data           4  main.o(.data)
    yellow_led                               0x200020cc   Data           4  main.o(.data)
    red_led                                  0x200020d0   Data           4  main.o(.data)
    boschIntEval                             0x200020d4   Data           4  main.o(.data)
    boschInt                                 0x200020d8   Data           4  main.o(.data)
    spi_config                               0x200020dc   Data          16  main.o(.data)
    blockUpdate                              0x200020ec   Data           1  main.o(.data)
    FRAMflag                                 0x200020f2   Data           1  our_service.o(.data)
    readFRAMflag                             0x200020f3   Data           1  our_service.o(.data)
    SystemCoreClock                          0x20002220   Data           4  system_nrf52.o(.data)
    buffRx                                   0x20002224   Data          30  main.o(.bss)
    greatestSample                           0x20002242   Data          20  main.o(.bss)
    m_our_service                            0x200023de   Data          12  main.o(.bss)
    nrf_nvic_state                           0x20002b30   Data          12  softdevice_handler.o(.bss)
    __initial_sp                             0x20004f50   Data           0  arm_startup_nrf52.o(STACK)



==============================================================================

Memory Map of the image

  Image Entry point : 0x0001c401

  Load Region LR_IROM1 (Base: 0x0001c000, Size: 0x00007bb4, Max: 0x00064000, ABSOLUTE, COMPRESSED[0x00007a6c])

    Execution Region ER_IROM1 (Base: 0x0001c000, Size: 0x00007a10, Max: 0x00064000, ABSOLUTE)

    Base Addr    Size         Type   Attr      Idx    E Section Name        Object

    0x0001c000   0x00000400   Data   RO         3378    RESET               arm_startup_nrf52.o
    0x0001c400   0x00000000   Code   RO         3463  * .ARM.Collect$$$$00000000  mc_w.l(entry.o)
    0x0001c400   0x00000004   Code   RO         3482    .ARM.Collect$$$$00000001  mc_w.l(entry2.o)
    0x0001c404   0x00000004   Code   RO         3485    .ARM.Collect$$$$00000004  mc_w.l(entry5.o)
    0x0001c408   0x00000000   Code   RO         3487    .ARM.Collect$$$$00000008  mc_w.l(entry7b.o)
    0x0001c408   0x00000000   Code   RO         3489    .ARM.Collect$$$$0000000A  mc_w.l(entry8b.o)
    0x0001c408   0x00000008   Code   RO         3490    .ARM.Collect$$$$0000000B  mc_w.l(entry9a.o)
    0x0001c410   0x00000000   Code   RO         3492    .ARM.Collect$$$$0000000D  mc_w.l(entry10a.o)
    0x0001c410   0x00000000   Code   RO         3494    .ARM.Collect$$$$0000000F  mc_w.l(entry11a.o)
    0x0001c410   0x00000004   Code   RO         3483    .ARM.Collect$$$$00002712  mc_w.l(entry2.o)
    0x0001c414   0x00000076   Code   RO         1282    .emb_text           nrf_delay.o
    0x0001c48a   0x00000002   PAD
    0x0001c48c   0x00000076   Code   RO         2211    .emb_text           nrf_drv_twi.o
    0x0001c502   0x00000002   PAD
    0x0001c504   0x00000076   Code   RO         2598    .emb_text           app_timer.o
    0x0001c57a   0x00000002   PAD
    0x0001c57c   0x00000024   Code   RO         3379    .text               arm_startup_nrf52.o
    0x0001c5a0   0x00000024   Code   RO         3466    .text               mc_w.l(memcpya.o)
    0x0001c5c4   0x00000024   Code   RO         3468    .text               mc_w.l(memseta.o)
    0x0001c5e8   0x0000001a   Code   RO         3472    .text               mc_w.l(memcmp.o)
    0x0001c602   0x00000002   PAD
    0x0001c604   0x00000024   Code   RO         3501    .text               mc_w.l(init.o)
    0x0001c628   0x0000003a   Code   RO         3513    .text               mc_w.l(__dczerorl.o)
    0x0001c662   0x00000002   PAD
    0x0001c664   0x000001b8   Code   RO         1352    i.GPIOTE_IRQHandler  nrf_drv_gpiote.o
    0x0001c81c   0x00000018   Code   RO         2599    i.NVIC_ClearPendingIRQ  app_timer.o
    0x0001c834   0x00000016   Code   RO         2600    i.NVIC_EnableIRQ    app_timer.o
    0x0001c84a   0x00000002   PAD
    0x0001c84c   0x00000018   Code   RO         2601    i.NVIC_SetPendingIRQ  app_timer.o
    0x0001c864   0x00000028   Code   RO         2602    i.NVIC_SetPriority  app_timer.o
    0x0001c88c   0x00000034   Code   RO         2603    i.RTC1_IRQHandler   app_timer.o
    0x0001c8c0   0x00000170   Code   RO         3217    i.SEGGER_RTT_Write  segger_rtt.o
    0x0001ca30   0x0000001a   Code   RO         3218    i.SEGGER_RTT_WriteString  segger_rtt.o
    0x0001ca4a   0x0000001a   Code   RO         3300    i.SEGGER_RTT_printf  segger_rtt_printf.o
    0x0001ca64   0x000001f8   Code   RO         3301    i.SEGGER_RTT_vprintf  segger_rtt_printf.o
    0x0001cc5c   0x00000014   Code   RO         2212    i.SPIM0_SPIS0_TWIM0_TWIS0_SPI0_TWI0_IRQHandler  nrf_drv_twi.o
    0x0001cc70   0x00000014   Code   RO         2213    i.SPIM1_SPIS1_TWIM1_TWIS1_SPI1_TWI1_IRQHandler  nrf_drv_twi.o
    0x0001cc84   0x00000018   Code   RO         2405    i.SPIM2_SPIS2_SPI2_IRQHandler  nrf_drv_spi.o
    0x0001cc9c   0x00000008   Code   RO         2604    i.SWI0_EGU0_IRQHandler  app_timer.o
    0x0001cca4   0x00000038   Code   RO         3100    i.SWI2_EGU2_IRQHandler  softdevice_handler.o
    0x0001ccdc   0x00000010   Code   RO         3386    i.SystemCoreClockUpdate  system_nrf52.o
    0x0001ccec   0x0000024c   Code   RO         3387    i.SystemInit        system_nrf52.o
    0x0001cf38   0x00000018   Code   RO         1591    i.UARTE0_UART0_IRQHandler  nrf_drv_uart.o
    0x0001cf50   0x00000002   Code   RO         3219    i._Init             segger_rtt.o
    0x0001cf52   0x000000ea   Code   RO         3302    i._PrintInt         segger_rtt_printf.o
    0x0001d03c   0x000000f4   Code   RO         3303    i._PrintUnsigned    segger_rtt_printf.o
    0x0001d130   0x00000044   Code   RO         3304    i._StoreChar        segger_rtt_printf.o
    0x0001d174   0x0000000e   Code   RO         3507    i.__scatterload_copy  mc_w.l(handlers.o)
    0x0001d182   0x00000002   Code   RO         3508    i.__scatterload_null  mc_w.l(handlers.o)
    0x0001d184   0x0000000e   Code   RO         3509    i.__scatterload_zeroinit  mc_w.l(handlers.o)
    0x0001d192   0x0000001e   Code   RO         3220    i._strlen           segger_rtt.o
    0x0001d1b0   0x000001c6   Code   RO          545    i.adv_data_encode   ble_advdata.o
    0x0001d376   0x00000012   Code   RO          546    i.advdata_check     ble_advdata.o
    0x0001d388   0x00000088   Code   RO            5    i.advertising_init  main.o
    0x0001d410   0x00000014   Code   RO         2574    i.app_error_fault_handler  app_error_weak.o
    0x0001d424   0x00000020   Code   RO         2525    i.app_error_handler  app_error.o
    0x0001d444   0x00000088   Code   RO         2527    i.app_error_save_and_stop  app_error.o
    0x0001d4cc   0x00000020   Code   RO          919    i.app_evt_notify    device_manager_peripheral.o
    0x0001d4ec   0x00000030   Code   RO         1877    i.app_notify        pstorage.o
    0x0001d51c   0x00000028   Code   RO         1878    i.app_notify_error_state_transit  pstorage.o
    0x0001d544   0x0000003c   Code   RO         2607    i.app_timer_create  app_timer.o
    0x0001d580   0x000000b8   Code   RO         2608    i.app_timer_init    app_timer.o
    0x0001d638   0x00000058   Code   RO         2609    i.app_timer_start   app_timer.o
    0x0001d690   0x00000034   Code   RO         2610    i.app_timer_stop    app_timer.o
    0x0001d6c4   0x00000052   Code   RO          547    i.appearance_encode  ble_advdata.o
    0x0001d716   0x00000002   PAD
    0x0001d718   0x00000018   Code   RO            6    i.application_timers_start  main.o
    0x0001d730   0x00000094   Code   RO          548    i.ble_advdata_set   ble_advdata.o
    0x0001d7c4   0x0000017c   Code   RO          670    i.ble_advertising_init  ble_advertising.o
    0x0001d940   0x000000f8   Code   RO          671    i.ble_advertising_on_ble_evt  ble_advertising.o
    0x0001da38   0x0000004c   Code   RO          672    i.ble_advertising_on_sys_evt  ble_advertising.o
    0x0001da84   0x00000010   Code   RO          674    i.ble_advertising_peer_address_clear  ble_advertising.o
    0x0001da94   0x00000288   Code   RO          676    i.ble_advertising_start  ble_advertising.o
    0x0001dd1c   0x00000070   Code   RO          775    i.ble_conn_params_init  ble_conn_params.o
    0x0001dd8c   0x0000003e   Code   RO          776    i.ble_conn_params_on_ble_evt  ble_conn_params.o
    0x0001ddca   0x00000074   Code   RO          549    i.ble_device_addr_encode  ble_advdata.o
    0x0001de3e   0x00000002   PAD
    0x0001de40   0x0000002c   Code   RO            8    i.ble_evt_dispatch  main.o
    0x0001de6c   0x000000e8   Code   RO          435    i.ble_our_service_on_ble_evt  our_service.o
    0x0001df54   0x0000010c   Code   RO            9    i.ble_stack_init    main.o
    0x0001e060   0x00000050   Code   RO          920    i.bond_data_load    device_manager_peripheral.o
    0x0001e0b0   0x00000020   Code   RO         1353    i.channel_free      nrf_drv_gpiote.o
    0x0001e0d0   0x00000010   Code   RO         1354    i.channel_handler_get  nrf_drv_gpiote.o
    0x0001e0e0   0x00000080   Code   RO         1355    i.channel_port_alloc  nrf_drv_gpiote.o
    0x0001e160   0x0000000c   Code   RO         1356    i.channel_port_get  nrf_drv_gpiote.o
    0x0001e16c   0x00000104   Code   RO         1879    i.clear_operation_execute  pstorage.o
    0x0001e270   0x00000028   Code   RO         1880    i.clear_post_processing_run  pstorage.o
    0x0001e298   0x00000048   Code   RO         1881    i.cmd_process       pstorage.o
    0x0001e2e0   0x00000014   Code   RO         1882    i.cmd_queue_dequeue  pstorage.o
    0x0001e2f4   0x00000050   Code   RO         1883    i.cmd_queue_element_init  pstorage.o
    0x0001e344   0x0000009c   Code   RO         1884    i.cmd_queue_enqueue  pstorage.o
    0x0001e3e0   0x00000020   Code   RO         1885    i.cmd_queue_init    pstorage.o
    0x0001e400   0x00000028   Code   RO         1886    i.command_end_procedure_run  pstorage.o
    0x0001e428   0x0000002c   Code   RO         1887    i.command_queue_element_consume  pstorage.o
    0x0001e454   0x00000090   Code   RO         2612    i.compare_reg_update  app_timer.o
    0x0001e4e4   0x0000005a   Code   RO          550    i.conn_int_check    ble_advdata.o
    0x0001e53e   0x00000068   Code   RO          551    i.conn_int_encode   ble_advdata.o
    0x0001e5a6   0x00000002   PAD
    0x0001e5a8   0x00000028   Code   RO           12    i.conn_params_error_handler  main.o
    0x0001e5d0   0x00000070   Code   RO           13    i.conn_params_init  main.o
    0x0001e640   0x00000084   Code   RO          778    i.conn_params_negotiation  ble_conn_params.o
    0x0001e6c4   0x00000048   Code   RO          921    i.connection_instance_find  device_manager_peripheral.o
    0x0001e70c   0x00000040   Code   RO          922    i.connection_instance_init  device_manager_peripheral.o
    0x0001e74c   0x0000007c   Code   RO         1888    i.data_page_erase_state_run  pstorage.o
    0x0001e7c8   0x00000034   Code   RO         1889    i.data_to_swap_write_state_run  pstorage.o
    0x0001e7fc   0x000000e0   Code   RO          923    i.device_context_store  device_manager_peripheral.o
    0x0001e8dc   0x00000088   Code   RO          924    i.device_instance_allocate  device_manager_peripheral.o
    0x0001e964   0x00000058   Code   RO          925    i.device_instance_find  device_manager_peripheral.o
    0x0001e9bc   0x0000002c   Code   RO          926    i.device_instance_free  device_manager_peripheral.o
    0x0001e9e8   0x00000038   Code   RO           14    i.device_manager_evt_handler  main.o
    0x0001ea20   0x000000d4   Code   RO           15    i.device_manager_init  main.o
    0x0001eaf4   0x000006b8   Code   RO          931    i.dm_ble_evt_handler  device_manager_peripheral.o
    0x0001f1ac   0x00000018   Code   RO          937    i.dm_handle_initialize  device_manager_peripheral.o
    0x0001f1c4   0x00000108   Code   RO          938    i.dm_init           device_manager_peripheral.o
    0x0001f2cc   0x0000025c   Code   RO          941    i.dm_pstorage_cb_handler  device_manager_peripheral.o
    0x0001f528   0x000000b0   Code   RO          942    i.dm_register       device_manager_peripheral.o
    0x0001f5d8   0x00000064   Code   RO         2613    i.elapsed_ticks_acquire  app_timer.o
    0x0001f63c   0x00000040   Code   RO         1890    i.erase_sub_state_sm_run  pstorage.o
    0x0001f67c   0x00000054   Code   RO         3388    i.errata_108        system_nrf52.o
    0x0001f6d0   0x00000030   Code   RO         3389    i.errata_16         system_nrf52.o
    0x0001f700   0x00000054   Code   RO         3390    i.errata_31         system_nrf52.o
    0x0001f754   0x00000030   Code   RO         3391    i.errata_32         system_nrf52.o
    0x0001f784   0x00000054   Code   RO         3392    i.errata_36         system_nrf52.o
    0x0001f7d8   0x00000030   Code   RO         3393    i.errata_37         system_nrf52.o
    0x0001f808   0x00000030   Code   RO         3394    i.errata_57         system_nrf52.o
    0x0001f838   0x00000030   Code   RO         3395    i.errata_66         system_nrf52.o
    0x0001f868   0x00000058   Code   RO         2614    i.expired_timers_handler  app_timer.o
    0x0001f8c0   0x0000001e   Code   RO         2406    i.finish_transfer   nrf_drv_spi.o
    0x0001f8de   0x00000036   Code   RO          552    i.flags_encode      ble_advdata.o
    0x0001f914   0x00000036   Code   RO          678    i.flash_access_in_progress  ble_advertising.o
    0x0001f94a   0x00000002   PAD
    0x0001f94c   0x0000002c   Code   RO         1891    i.flash_api_err_code_process  pstorage.o
    0x0001f978   0x00000044   Code   RO         1892    i.flash_operation_failure_run  pstorage.o
    0x0001f9bc   0x00000030   Code   RO         1893    i.flash_operation_success_run  pstorage.o
    0x0001f9ec   0x00000010   Code   RO         1894    i.flash_page_erase  pstorage.o
    0x0001f9fc   0x0000001c   Code   RO         1895    i.flash_write       pstorage.o
    0x0001fa18   0x00000018   Code   RO         2904    i.fs_queued_op_count_get  fstorage.o
    0x0001fa30   0x000000a4   Code   RO           16    i.gap_params_init   main.o
    0x0001fad4   0x00000006   Code   RO          949    i.gattc_context_apply  device_manager_peripheral.o
    0x0001fada   0x00000006   Code   RO          950    i.gattc_context_load  device_manager_peripheral.o
    0x0001fae0   0x00000006   Code   RO          951    i.gattc_context_store  device_manager_peripheral.o
    0x0001fae6   0x00000002   PAD
    0x0001fae8   0x000000f8   Code   RO          952    i.gatts_context_apply  device_manager_peripheral.o
    0x0001fbe0   0x0000004c   Code   RO          953    i.gatts_context_load  device_manager_peripheral.o
    0x0001fc2c   0x000000f0   Code   RO          954    i.gatts_context_store  device_manager_peripheral.o
    0x0001fd1c   0x00000018   Code   RO          955    i.gattsc_context_apply  device_manager_peripheral.o
    0x0001fd34   0x0000001c   Code   RO          956    i.gattsc_context_load  device_manager_peripheral.o
    0x0001fd50   0x0000001c   Code   RO          957    i.gattsc_context_store  device_manager_peripheral.o
    0x0001fd6c   0x00000068   Code   RO         1896    i.head_restore_state_run  pstorage.o
    0x0001fdd4   0x0000004c   Code   RO           17    i.initializePin     main.o
    0x0001fe20   0x00000160   Code   RO           18    i.int_fxn           main.o
    0x0001ff80   0x000000b0   Code   RO         3101    i.intern_softdevice_events_execute  softdevice_handler.o
    0x00020030   0x00000022   Code   RO         2407    i.irq_handler_spi   nrf_drv_spi.o
    0x00020052   0x000000da   Code   RO         2214    i.irq_handler_twi   nrf_drv_twi.o
    0x0002012c   0x00000024   Code   RO          779    i.is_conn_params_ok  ble_conn_params.o
    0x00020150   0x00000058   Code   RO         1897    i.is_page_erase_required  pstorage.o
    0x000201a8   0x00000050   Code   RO         1898    i.is_tail_data_page_swap_required  pstorage.o
    0x000201f8   0x00000010   Code   RO         1899    i.is_word_aligned   pstorage.o
    0x00020208   0x0000006a   Code   RO          553    i.le_role_encode    ble_advdata.o
    0x00020272   0x00000002   PAD
    0x00020274   0x00000098   Code   RO         2615    i.list_deletions_handler  app_timer.o
    0x0002030c   0x0000010c   Code   RO         2616    i.list_insertions_handler  app_timer.o
    0x00020418   0x000006bc   Code   RO           19    i.main              main.o
    0x00020ad4   0x00000020   Code   RO         1900    i.main_state_err_busy_process  pstorage.o
    0x00020af4   0x00000076   Code   RO          554    i.manuf_specific_data_encode  ble_advdata.o
    0x00020b6a   0x000000c2   Code   RO          555    i.name_encode       ble_advdata.o
    0x00020c2c   0x00000006   Code   RO          958    i.no_service_context_apply  device_manager_peripheral.o
    0x00020c32   0x00000006   Code   RO          959    i.no_service_context_load  device_manager_peripheral.o
    0x00020c38   0x00000006   Code   RO          960    i.no_service_context_store  device_manager_peripheral.o
    0x00020c3e   0x0000001a   Code   RO         1283    i.nrf_delay_ms      nrf_delay.o
    0x00020c58   0x00000060   Code   RO         1314    i.nrf_drv_common_irq_enable  nrf_drv_common.o
    0x00020cb8   0x0000000a   Code   RO         2215    i.nrf_drv_get_IRQn  nrf_drv_twi.o
    0x00020cc2   0x00000002   PAD
    0x00020cc4   0x000000b8   Code   RO         1359    i.nrf_drv_gpiote_in_event_enable  nrf_drv_gpiote.o
    0x00020d7c   0x000000d8   Code   RO         1360    i.nrf_drv_gpiote_in_init  nrf_drv_gpiote.o
    0x00020e54   0x00000054   Code   RO         1363    i.nrf_drv_gpiote_init  nrf_drv_gpiote.o
    0x00020ea8   0x00000014   Code   RO         1364    i.nrf_drv_gpiote_is_init  nrf_drv_gpiote.o
    0x00020ebc   0x0000000c   Code   RO         1365    i.nrf_drv_gpiote_out_clear  nrf_drv_gpiote.o
    0x00020ec8   0x000000cc   Code   RO         1366    i.nrf_drv_gpiote_out_init  nrf_drv_gpiote.o
    0x00020f94   0x0000000c   Code   RO         1367    i.nrf_drv_gpiote_out_set  nrf_drv_gpiote.o
    0x00020fa0   0x00000154   Code   RO         2408    i.nrf_drv_spi_init  nrf_drv_spi.o
    0x000210f4   0x0000002c   Code   RO         2409    i.nrf_drv_spi_transfer  nrf_drv_spi.o
    0x00021120   0x00000070   Code   RO         2411    i.nrf_drv_spi_xfer  nrf_drv_spi.o
    0x00021190   0x00000024   Code   RO         2218    i.nrf_drv_twi_enable  nrf_drv_twi.o
    0x000211b4   0x0000009c   Code   RO         2219    i.nrf_drv_twi_init  nrf_drv_twi.o
    0x00021250   0x0000002c   Code   RO         2220    i.nrf_drv_twi_rx    nrf_drv_twi.o
    0x0002127c   0x0000003c   Code   RO         2223    i.nrf_drv_twi_tx    nrf_drv_twi.o
    0x000212b8   0x0000003c   Code   RO         2225    i.nrf_drv_twi_xfer  nrf_drv_twi.o
    0x000212f4   0x00000024   Code   RO         1376    i.nrf_gpio_cfg      nrf_drv_gpiote.o
    0x00021318   0x00000024   Code   RO         2412    i.nrf_gpio_cfg      nrf_drv_spi.o
    0x0002133c   0x00000018   Code   RO         2413    i.nrf_gpio_cfg_output  nrf_drv_spi.o
    0x00021354   0x00000024   Code   RO         1378    i.nrf_gpio_cfg_sense_set  nrf_drv_gpiote.o
    0x00021378   0x00000010   Code   RO         1379    i.nrf_gpio_pin_clear  nrf_drv_gpiote.o
    0x00021388   0x00000010   Code   RO         2226    i.nrf_gpio_pin_clear  nrf_drv_twi.o
    0x00021398   0x00000010   Code   RO         2414    i.nrf_gpio_pin_clear  nrf_drv_spi.o
    0x000213a8   0x00000010   Code   RO         1380    i.nrf_gpio_pin_set  nrf_drv_gpiote.o
    0x000213b8   0x00000010   Code   RO         2227    i.nrf_gpio_pin_set  nrf_drv_twi.o
    0x000213c8   0x00000010   Code   RO         2415    i.nrf_gpio_pin_set  nrf_drv_spi.o
    0x000213d8   0x0000000c   Code   RO         1381    i.nrf_gpiote_event_addr_get  nrf_drv_gpiote.o
    0x000213e4   0x0000001c   Code   RO         1382    i.nrf_gpiote_event_clear  nrf_drv_gpiote.o
    0x00021400   0x00000016   Code   RO         1383    i.nrf_gpiote_event_is_set  nrf_drv_gpiote.o
    0x00021416   0x00000002   PAD
    0x00021418   0x0000000c   Code   RO         1384    i.nrf_gpiote_int_enable  nrf_drv_gpiote.o
    0x00021424   0x00000006   Code   RO         2416    i.nrf_spi_event_clear  nrf_drv_spi.o
    0x0002142a   0x00000006   Code   RO         2417    i.nrf_spi_int_disable  nrf_drv_spi.o
    0x00021430   0x00000006   Code   RO         2418    i.nrf_spi_int_enable  nrf_drv_spi.o
    0x00021436   0x00000006   Code   RO         2419    i.nrf_spi_txd_set   nrf_drv_spi.o
    0x0002143c   0x0000000e   Code   RO         2228    i.nrf_twi_event_check  nrf_drv_twi.o
    0x0002144a   0x00000006   Code   RO         2229    i.nrf_twi_event_clear  nrf_drv_twi.o
    0x00021450   0x00000006   Code   RO         2230    i.nrf_twi_int_disable  nrf_drv_twi.o
    0x00021456   0x00000006   Code   RO         2231    i.nrf_twi_int_enable  nrf_drv_twi.o
    0x0002145c   0x00000006   Code   RO         2232    i.nrf_twi_shorts_set  nrf_drv_twi.o
    0x00021462   0x00000006   Code   RO         2233    i.nrf_twi_task_trigger  nrf_drv_twi.o
    0x00021468   0x0000000c   Code   RO         1612    i.nrf_uart_errorsrc_get_and_clear  nrf_drv_uart.o
    0x00021474   0x0000000e   Code   RO         1613    i.nrf_uart_event_check  nrf_drv_uart.o
    0x00021482   0x00000006   Code   RO         1614    i.nrf_uart_event_clear  nrf_drv_uart.o
    0x00021488   0x00000006   Code   RO         1616    i.nrf_uart_int_disable  nrf_drv_uart.o
    0x0002148e   0x00000012   Code   RO         1618    i.nrf_uart_int_enable_check  nrf_drv_uart.o
    0x000214a0   0x00000006   Code   RO         1619    i.nrf_uart_task_trigger  nrf_drv_uart.o
    0x000214a6   0x0000000c   Code   RO         1621    i.nrf_uarte_errorsrc_get_and_clear  nrf_drv_uart.o
    0x000214b2   0x0000000e   Code   RO         1622    i.nrf_uarte_event_check  nrf_drv_uart.o
    0x000214c0   0x00000006   Code   RO         1623    i.nrf_uarte_event_clear  nrf_drv_uart.o
    0x000214c6   0x0000000a   Code   RO         1627    i.nrf_uarte_rx_amount_get  nrf_drv_uart.o
    0x000214d0   0x0000003c   Code   RO           20    i.on_adv_evt        main.o
    0x0002150c   0x00000054   Code   RO           21    i.on_ble_evt        main.o
    0x00021560   0x00000040   Code   RO           22    i.on_conn_params_evt  main.o
    0x000215a0   0x00000018   Code   RO          780    i.on_conn_params_update  ble_conn_params.o
    0x000215b8   0x00000038   Code   RO          781    i.on_connect        ble_conn_params.o
    0x000215f0   0x00000040   Code   RO          782    i.on_disconnect     ble_conn_params.o
    0x00021630   0x00000058   Code   RO          783    i.on_write          ble_conn_params.o
    0x00021688   0x00000180   Code   RO          437    i.our_char_add      our_service.o
    0x00021808   0x00000080   Code   RO          438    i.our_service_init  our_service.o
    0x00021888   0x00000044   Code   RO          439    i.our_termperature_characteristic_update  our_service.o
    0x000218cc   0x00000018   Code   RO          679    i.peer_address_exists  ble_advertising.o
    0x000218e4   0x00000064   Code   RO          961    i.peer_instance_init  device_manager_peripheral.o
    0x00021948   0x0000001c   Code   RO         1386    i.pin_in_use_by_gpiote  nrf_drv_gpiote.o
    0x00021964   0x00000018   Code   RO         1387    i.pin_in_use_by_port  nrf_drv_gpiote.o
    0x0002197c   0x00000020   Code   RO         1388    i.pin_in_use_by_te  nrf_drv_gpiote.o
    0x0002199c   0x0000000c   Code   RO         1389    i.pin_in_use_clear  nrf_drv_gpiote.o
    0x000219a8   0x00000030   Code   RO           23    i.power_manage      main.o
    0x000219d8   0x0000002c   Code   RO         1901    i.pstorage_access_status_get  pstorage.o
    0x00021a04   0x000000a4   Code   RO         1902    i.pstorage_block_identifier_get  pstorage.o
    0x00021aa8   0x00000120   Code   RO         1903    i.pstorage_clear    pstorage.o
    0x00021bc8   0x0000001e   Code   RO         1904    i.pstorage_flash_page_end  pstorage.o
    0x00021be6   0x0000000a   Code   RO         1905    i.pstorage_flash_page_size  pstorage.o
    0x00021bf0   0x00000090   Code   RO         1906    i.pstorage_init     pstorage.o
    0x00021c80   0x000000f4   Code   RO         1907    i.pstorage_load     pstorage.o
    0x00021d74   0x00000110   Code   RO         1908    i.pstorage_register  pstorage.o
    0x00021e84   0x000000dc   Code   RO         1909    i.pstorage_store    pstorage.o
    0x00021f60   0x00000048   Code   RO         1910    i.pstorage_sys_event_handler  pstorage.o
    0x00021fa8   0x000000dc   Code   RO         1911    i.pstorage_update   pstorage.o
    0x00022084   0x00000068   Code   RO           24    i.readGyro          main.o
    0x000220ec   0x0000000c   Code   RO         2617    i.rtc1_compare0_set  app_timer.o
    0x000220f8   0x0000000c   Code   RO         2618    i.rtc1_counter_get  app_timer.o
    0x00022104   0x00000018   Code   RO         2619    i.rtc1_init         app_timer.o
    0x0002211c   0x0000003c   Code   RO         2620    i.rtc1_start        app_timer.o
    0x00022158   0x00000058   Code   RO         2621    i.rtc1_stop         app_timer.o
    0x000221b0   0x00000050   Code   RO         1631    i.rx_byte           nrf_drv_uart.o
    0x00022200   0x00000024   Code   RO         1632    i.rx_done_event     nrf_drv_uart.o
    0x00022224   0x0000001c   Code   RO         3102    i.sd_check_ram_start  softdevice_handler.o
    0x00022240   0x000000d0   Code   RO         3103    i.sd_nvic_EnableIRQ  softdevice_handler.o
    0x00022310   0x00000036   Code   RO          556    i.sec_mgr_oob_flags_encode  ble_advdata.o
    0x00022346   0x00000096   Code   RO          557    i.service_data_encode  ble_advdata.o
    0x000223dc   0x00000010   Code   RO           25    i.services_init     main.o
    0x000223ec   0x00000014   Code   RO         1912    i.sm_state_change   pstorage.o
    0x00022400   0x00000018   Code   RO         3104    i.softdevice_ble_evt_handler_set  softdevice_handler.o
    0x00022418   0x0000001c   Code   RO         3105    i.softdevice_enable  softdevice_handler.o
    0x00022434   0x0000002c   Code   RO         3106    i.softdevice_enable_get_default_config  softdevice_handler.o
    0x00022460   0x00000014   Code   RO         3107    i.softdevice_fault_handler  softdevice_handler.o
    0x00022474   0x00000064   Code   RO         3108    i.softdevice_handler_init  softdevice_handler.o
    0x000224d8   0x00000018   Code   RO         3111    i.softdevice_sys_evt_handler_set  softdevice_handler.o
    0x000224f0   0x00000070   Code   RO           27    i.spiInit           main.o
    0x00022560   0x0000000c   Code   RO           28    i.spi_event_handler  main.o
    0x0002256c   0x0000009e   Code   RO         2420    i.spi_xfer          nrf_drv_spi.o
    0x0002260a   0x0000000e   Code   RO          558    i.srdata_check      ble_advdata.o
    0x00022618   0x00000018   Code   RO          442    i.startUartXfer     our_service.o
    0x00022630   0x00000010   Code   RO         1913    i.state_data_erase_entry_run  pstorage.o
    0x00022640   0x0000008c   Code   RO         1914    i.state_data_erase_swap_entry_run  pstorage.o
    0x000226cc   0x00000038   Code   RO         1915    i.state_entry_action_run  pstorage.o
    0x00022704   0x00000010   Code   RO         1916    i.state_erase_data_page_entry_run  pstorage.o
    0x00022714   0x0000001c   Code   RO         1917    i.state_idle_entry_run  pstorage.o
    0x00022730   0x00000034   Code   RO         1918    i.state_restore_head_entry_run  pstorage.o
    0x00022764   0x00000058   Code   RO         1919    i.state_restore_tail_entry_run  pstorage.o
    0x000227bc   0x00000008   Code   RO         1920    i.state_store_entry_run  pstorage.o
    0x000227c4   0x0000001e   Code   RO         1921    i.state_swap_erase_entry_run  pstorage.o
    0x000227e2   0x00000002   PAD
    0x000227e4   0x00000038   Code   RO         1922    i.state_write_data_swap_entry_run  pstorage.o
    0x0002281c   0x00000008   Code   RO          962    i.storage_operation_dummy_handler  device_manager_peripheral.o
    0x00022824   0x00000068   Code   RO         1923    i.store_cmd_flash_write_execute  pstorage.o
    0x0002288c   0x0000000a   Code   RO         1924    i.store_operation_execute  pstorage.o
    0x00022896   0x00000002   PAD
    0x00022898   0x00000048   Code   RO         1925    i.store_sub_state_sm_run  pstorage.o
    0x000228e0   0x00000020   Code   RO         1926    i.swap_erase_state_run  pstorage.o
    0x00022900   0x00000008   Code   RO         1927    i.swap_sub_sm_exit_action_run  pstorage.o
    0x00022908   0x00000018   Code   RO         1928    i.swap_sub_state_entry_action_run  pstorage.o
    0x00022920   0x00000020   Code   RO         1929    i.swap_sub_state_err_busy_process  pstorage.o
    0x00022940   0x00000018   Code   RO         1930    i.swap_sub_state_sm_run  pstorage.o
    0x00022958   0x00000014   Code   RO         1931    i.swap_sub_state_state_change  pstorage.o
    0x0002296c   0x00000012   Code   RO           29    i.sys_evt_dispatch  main.o
    0x0002297e   0x00000002   PAD
    0x00022980   0x0000001c   Code   RO         1932    i.tail_restore_state_run  pstorage.o
    0x0002299c   0x0000004c   Code   RO         1933    i.tail_word_size_calculate  pstorage.o
    0x000229e8   0x0000000a   Code   RO         2622    i.ticks_diff_get    app_timer.o
    0x000229f2   0x00000002   PAD
    0x000229f4   0x00000078   Code   RO         2623    i.timeout_handler_exec  app_timer.o
    0x00022a6c   0x00000054   Code   RO         2624    i.timer_list_handler  app_timer.o
    0x00022ac0   0x0000000a   Code   RO         2625    i.timer_list_handler_sched  app_timer.o
    0x00022aca   0x00000002   PAD
    0x00022acc   0x00000068   Code   RO         2626    i.timer_list_insert  app_timer.o
    0x00022b34   0x0000006c   Code   RO         2627    i.timer_list_remove  app_timer.o
    0x00022ba0   0x0000005c   Code   RO         2628    i.timer_start_op_schedule  app_timer.o
    0x00022bfc   0x00000040   Code   RO         2630    i.timer_stop_op_schedule  app_timer.o
    0x00022c3c   0x00000024   Code   RO           30    i.timer_timeout_handler  main.o
    0x00022c60   0x00000098   Code   RO         2631    i.timer_timeouts_check  app_timer.o
    0x00022cf8   0x0000000a   Code   RO         2632    i.timer_timeouts_check_sched  app_timer.o
    0x00022d02   0x00000002   PAD
    0x00022d04   0x00000054   Code   RO           31    i.timers_init       main.o
    0x00022d58   0x00000046   Code   RO          559    i.tk_value_encode   ble_advdata.o
    0x00022d9e   0x0000006a   Code   RO         2421    i.transfer_byte     nrf_drv_spi.o
    0x00022e08   0x00000094   Code   RO         2234    i.twi_clear_bus     nrf_drv_twi.o
    0x00022e9c   0x00000038   Code   RO           32    i.twi_master_init   main.o
    0x00022ed4   0x0000004c   Code   RO         2235    i.twi_receive_byte  nrf_drv_twi.o
    0x00022f20   0x000000a6   Code   RO         2236    i.twi_rx_start_transfer  nrf_drv_twi.o
    0x00022fc6   0x00000048   Code   RO         2237    i.twi_send_byte     nrf_drv_twi.o
    0x0002300e   0x00000122   Code   RO         2238    i.twi_transfer      nrf_drv_twi.o
    0x00023130   0x000000ac   Code   RO         2239    i.twi_tx_start_transfer  nrf_drv_twi.o
    0x000231dc   0x000000b8   Code   RO         2240    i.twi_xfer          nrf_drv_twi.o
    0x00023294   0x00000038   Code   RO         1634    i.tx_byte           nrf_drv_uart.o
    0x000232cc   0x0000002c   Code   RO         1635    i.tx_done_event     nrf_drv_uart.o
    0x000232f8   0x00000036   Code   RO          560    i.tx_power_level_encode  ble_advdata.o
    0x0002332e   0x00000002   PAD
    0x00023330   0x00000160   Code   RO         1636    i.uart_irq_handler  nrf_drv_uart.o
    0x00023490   0x0000012c   Code   RO         1637    i.uarte_irq_handler  nrf_drv_uart.o
    0x000235bc   0x0000000c   Code   RO          561    i.uint16_encode     ble_advdata.o
    0x000235c8   0x00000008   Code   RO         1934    i.update_operation_execute  pstorage.o
    0x000235d0   0x00000014   Code   RO          963    i.update_status_bit_reset  device_manager_peripheral.o
    0x000235e4   0x00000090   Code   RO          784    i.update_timeout_handler  ble_conn_params.o
    0x00023674   0x00000058   Code   RO         2633    i.user_id_get       app_timer.o
    0x000236cc   0x00000030   Code   RO         2634    i.user_op_alloc     app_timer.o
    0x000236fc   0x00000004   Code   RO         2635    i.user_op_enque     app_timer.o
    0x00023700   0x0000004e   Code   RO          562    i.uuid_list_encode  ble_advdata.o
    0x0002374e   0x000000dc   Code   RO          563    i.uuid_list_sized_encode  ble_advdata.o
    0x0002382a   0x00000012   Code   RO          680    i.whitelist_has_entries  ble_advertising.o
    0x0002383c   0x00000030   Data   RO           34    .constdata          main.o
    0x0002386c   0x00000028   Data   RO          444    .constdata          our_service.o
    0x00023894   0x00000004   Data   RO          786    .constdata          ble_conn_params.o
    0x00023898   0x00000034   Data   RO          965    .constdata          device_manager_peripheral.o
    0x000238cc   0x00000028   Data   RO         1936    .constdata          pstorage.o
    0x000238f4   0x0000002c   Data   RO         2242    .constdata          nrf_drv_twi.o
    0x00023920   0x00000010   Data   RO         2423    .constdata          nrf_drv_spi.o
    0x00023930   0x00000010   Data   RO         3305    .constdata          segger_rtt_printf.o
    0x00023940   0x0000004c   Data   RO          966    .conststring        device_manager_peripheral.o
    0x0002398c   0x00000057   Data   RO         3113    .conststring        softdevice_handler.o
    0x000239e3   0x00000001   PAD
    0x000239e4   0x00000009   Data   RO         3222    .conststring        segger_rtt.o
    0x000239ed   0x00000003   PAD
    0x000239f0   0x00000020   Data   RO         3505    Region$$Table       anon$$obj.o


    Execution Region RW_IRAM1 (Base: 0x20002080, Size: 0x00002ed0, Max: 0x0000df80, ABSOLUTE, COMPRESSED[0x0000005c])

    Base Addr    Size         Type   Attr      Idx    E Section Name        Object

    0x20002080   0x00000072   Data   RW           35    .data               main.o
    0x200020f2   0x00000002   Data   RW          445    .data               our_service.o
    0x200020f4   0x00000020   Data   RW          682    .data               ble_advertising.o
    0x20002114   0x00000015   Data   RW          787    .data               ble_conn_params.o
    0x20002129   0x00000003   PAD
    0x2000212c   0x00000014   Data   RW          967    .data               device_manager_peripheral.o
    0x20002140   0x00000028   Data   RW         1937    .data               pstorage.o
    0x20002168   0x00000022   Data   RW         2636    .data               app_timer.o
    0x2000218a   0x00000002   PAD
    0x2000218c   0x00000018   Data   RW         3114    .data               softdevice_handler.o
    0x200021a4   0x00000079   Data   RW         3223    .data               segger_rtt.o
    0x2000221d   0x00000003   PAD
    0x20002220   0x00000004   Data   RW         3396    .data               system_nrf52.o
    0x20002224   0x00000418   Zero   RW           33    .bss                main.o
    0x2000263c   0x00000020   Zero   RW          443    .bss                our_service.o
    0x2000265c   0x00000103   Zero   RW          681    .bss                ble_advertising.o
    0x2000275f   0x00000001   PAD
    0x20002760   0x0000003c   Zero   RW          785    .bss                ble_conn_params.o
    0x2000279c   0x0000014f   Zero   RW          964    .bss                device_manager_peripheral.o
    0x200028eb   0x00000001   PAD
    0x200028ec   0x00000058   Zero   RW         1390    .bss                nrf_drv_gpiote.o
    0x20002944   0x00000020   Zero   RW         1638    .bss                nrf_drv_uart.o
    0x20002964   0x000000e4   Zero   RW         1935    .bss                pstorage.o
    0x20002a48   0x00000050   Zero   RW         2241    .bss                nrf_drv_twi.o
    0x20002a98   0x00000020   Zero   RW         2422    .bss                nrf_drv_spi.o
    0x20002ab8   0x00000020   Zero   RW         2528    .bss                app_error.o
    0x20002ad8   0x00000058   Zero   RW         2915    .bss                fstorage.o
    0x20002b30   0x0000000c   Zero   RW         3112    .bss                softdevice_handler.o
    0x20002b3c   0x00000410   Zero   RW         3221    .bss                segger_rtt.o
    0x20002f4c   0x00000004   PAD
    0x20002f50   0x00002000   Zero   RW         3376    STACK               arm_startup_nrf52.o


==============================================================================

Image component sizes


      Code (inc. data)   RO Data    RW Data    ZI Data      Debug   Object Name

       168          4          0          0         32       4026   app_error.o
        20          0          0          0          0        762   app_error_weak.o
      2514        336          0         34          0      61127   app_timer.o
        36          8       1024          0       8192        900   arm_startup_nrf52.o
      2136          0          0          0          0      24396   ble_advdata.o
      1464        140          0         32        259      17293   ble_advertising.o
       718        122          4         21         60      19068   ble_conn_params.o
      4336        262        128         20        335      33337   device_manager_peripheral.o
        24          6          0          0         88       3320   fstorage.o
      3902        850         48        114       1048     130827   main.o
       144          0          0          0          0       1835   nrf_delay.o
        96         12          0          0          0      28927   nrf_drv_common.o
      1634        152          0          0         88      29471   nrf_drv_gpiote.o
       964         48         16          0         32      18687   nrf_drv_spi.o
      1926         64         44          0         80      32279   nrf_drv_twi.o
       996         66          0          0         32      23742   nrf_drv_uart.o
       836        174         40          2         32      44549   our_service.o
      4252        430         40         40        228      48158   pstorage.o
       426          4          9        121       1040       4072   segger_rtt.o
      1076          4         16          0          0       6505   segger_rtt_printf.o
       708         90         87         24         12      44241   softdevice_handler.o
      1096        112          0          4          0      33034   system_nrf52.o

    ----------------------------------------------------------------------
     29510       2884       1492        420      11564     610556   Object Totals
         0          0         32          0          0          0   (incl. Generated)
        38          0          4          8          6          0   (incl. Padding)

    ----------------------------------------------------------------------

      Code (inc. data)   RO Data    RW Data    ZI Data      Debug   Library Member Name

        58          0          0          0          0          0   __dczerorl.o
         0          0          0          0          0          0   entry.o
         0          0          0          0          0          0   entry10a.o
         0          0          0          0          0          0   entry11a.o
         8          4          0          0          0          0   entry2.o
         4          0          0          0          0          0   entry5.o
         0          0          0          0          0          0   entry7b.o
         0          0          0          0          0          0   entry8b.o
         8          4          0          0          0          0   entry9a.o
        30          0          0          0          0          0   handlers.o
        36          8          0          0          0         68   init.o
        26          0          0          0          0         80   memcmp.o
        36          0          0          0          0         68   memcpya.o
        36          0          0          0          0        108   memseta.o

    ----------------------------------------------------------------------
       246         16          0          0          0        324   Library Totals
         4          0          0          0          0          0   (incl. Padding)

    ----------------------------------------------------------------------

      Code (inc. data)   RO Data    RW Data    ZI Data      Debug   Library Name

       242         16          0          0          0        324   mc_w.l

    ----------------------------------------------------------------------
       246         16          0          0          0        324   Library Totals

    ----------------------------------------------------------------------

==============================================================================


      Code (inc. data)   RO Data    RW Data    ZI Data      Debug   

     29756       2900       1492        420      11564     581360   Grand Totals
     29756       2900       1492         92      11564     581360   ELF Image Totals (compressed)
     29756       2900       1492         92          0          0   ROM Totals

==============================================================================

    Total RO  Size (Code + RO Data)                31248 (  30.52kB)
    Total RW  Size (RW Data + ZI Data)             11984 (  11.70kB)
    Total ROM Size (Code + RO Data + RW Data)      31340 (  30.61kB)

==============================================================================

